******************************************************************************
             TMS320C2000 Linker PC v22.6.1                     
******************************************************************************
>> Linked Wed Feb 12 19:38:56 2025

OUTPUT FILE NAME:   <controle_mci_bldc.out>
ENTRY POINT SYMBOL: "code_start"  address: 00000000


MEMORY CONFIGURATION

         name            origin    length      used     unused   attr    fill
----------------------  --------  ---------  --------  --------  ----  --------
  BEGIN                 00000000   00000002  00000002  00000000  RWIX
  BOOT_RSVD             00000002   00000126  00000000  00000126  RWIX
  RAMM0                 00000128   000002d8  00000020  000002b8  RWIX
  RAMM1                 00000400   000003f8  00000200  000001f8  RWIX
  RAMLS4567             0000a000   00002000  000019b3  0000064d  RWIX
  RAMGS0                0000c000   000007f8  00000000  000007f8  RWIX
  FLASH_BANK0_SEC0      00080002   00000ffe  00000000  00000ffe  RWIX
  FLASH_BANK0_SEC1      00081000   00001000  00000000  00001000  RWIX
  FLASH_BANK0_SEC2      00082000   00001000  00000000  00001000  RWIX
  FLASH_BANK0_SEC3      00083000   00001000  00000000  00001000  RWIX
  FLASH_BANK0_SEC4      00084000   00001000  00000000  00001000  RWIX
  FLASH_BANK0_SEC5      00085000   00001000  00000000  00001000  RWIX
  FLASH_BANK0_SEC6      00086000   00001000  00000000  00001000  RWIX
  FLASH_BANK0_SEC7      00087000   00001000  00000000  00001000  RWIX
  FLASH_BANK0_SEC8      00088000   00001000  00000000  00001000  RWIX
  FLASH_BANK0_SEC9      00089000   00001000  00000000  00001000  RWIX
  FLASH_BANK0_SEC10     0008a000   00001000  00000000  00001000  RWIX
  FLASH_BANK0_SEC11     0008b000   00001000  00000000  00001000  RWIX
  FLASH_BANK0_SEC12     0008c000   00001000  00000000  00001000  RWIX
  FLASH_BANK0_SEC13     0008d000   00001000  00000000  00001000  RWIX
  FLASH_BANK0_SEC14     0008e000   00001000  00000000  00001000  RWIX
  FLASH_BANK0_SEC15     0008f000   00000ff8  00000000  00000ff8  RWIX
  BOOTROM               003f0000   00008000  00000000  00008000  RWIX
  BOOTROM_EXT           003f8000   00007fc0  00000000  00007fc0  RWIX
  RESET                 003fffc0   00000002  00000000  00000002  RWIX


SECTION ALLOCATION MAP

 output                                  attributes/
section   page    origin      length       input sections
--------  ----  ----------  ----------   ----------------
.TI.ramfunc 
*          0    00000128    00000004     
                  00000128    00000004     driverlib.lib : sysctl.obj (.TI.ramfunc)

.cinit     0    0000012c    0000001c     
                  0000012c    0000000a     (.cinit..data.load) [load image, compression = lzss]
                  00000136    00000006     (__TI_handler_table)
                  0000013c    00000004     (.cinit..bss.load) [load image, compression = zero_init]
                  00000140    00000008     (__TI_cinit_table)

.text      0    0000a000    0000160e     
                  0000a000    0000016c     board.obj (.text:EPWM_init)
                  0000a16c    00000123     driverlib.lib : sysctl.obj (.text:SysCtl_setClock)
                  0000a28f    000000fe                   : sysctl.obj (.text:SysCtl_isPLLValid)
                  0000a38d    000000cf     board.obj (.text:PinMux_init)
                  0000a45c    000000b9     controle_mci_bldc.obj (.text:adcA1ISR)
                  0000a515    0000009a     device.obj (.text:Device_enableAllPeripherals)
                  0000a5af    00000088     rts2800_fpu32_eabi.lib : fs_div28.asm.obj (.text)
                  0000a637    00000075     controle_mci_bldc.obj (.text:EPWM_setADCTriggerSource)
                  0000a6ac    00000073     driverlib.lib : sysctl.obj (.text:DCC_setCounterSeeds)
                  0000a71f    00000065                   : sysctl.obj (.text:SysCtl_getClock)
                  0000a784    00000052                   : gpio.obj (.text:GPIO_setPadConfig)
                  0000a7d6    0000004b     board.obj (.text:EPWM_setInterruptSource)
                  0000a821    0000004b     board.obj (.text:myADC0_init)
                  0000a86c    00000047     driverlib.lib : sysctl.obj (.text:SysCtl_selectOscSource)
                  0000a8b3    00000046     board.obj (.text:ADC_setupSOC)
                  0000a8f9    00000046     driverlib.lib : gpio.obj (.text:GPIO_setAnalogMode)
                  0000a93f    00000046                   : sysctl.obj (.text:SysCtl_selectXTAL)
                  0000a985    00000045                   : sysctl.obj (.text:SysCtl_pollX1Counter)
                  0000a9ca    00000044     board.obj (.text:GPIO_writePin)
                  0000aa0e    00000040     board.obj (.text:EPWM_setActionQualifierAction)
                  0000aa4e    0000003e     board.obj (.text:EPWM_setCounterCompareShadowLoadMode)
                  0000aa8c    0000003d     driverlib.lib : interrupt.obj (.text:Interrupt_initModule)
                  0000aac9    0000003d     controle_mci_bldc.obj (.text:updateCompare)
                  0000ab06    0000003a     board.obj (.text:EPWM_setADCTriggerEventPrescale)
                  0000ab40    0000003a     controle_mci_bldc.obj (.text:EPWM_setADCTriggerEventPrescale)
                  0000ab7a    00000037     driverlib.lib : gpio.obj (.text:GPIO_setPinConfig)
                  0000abb1    00000037                   : gpio.obj (.text:GPIO_setQualificationMode)
                  0000abe8    00000037                   : interrupt.obj (.text:Interrupt_enable)
                  0000ac1f    00000036     device.obj (.text:Device_init)
                  0000ac55    00000036     controle_mci_bldc.obj (.text:epwm1ISR)
                  0000ac8b    00000035     controle_mci_bldc.obj (.text:main)
                  0000acc0    00000031     driverlib.lib : gpio.obj (.text:GPIO_setDirectionMode)
                  0000acf1    00000030     rts2800_fpu32_eabi.lib : copy_decompress_lzss.c.obj (.text:decompress:lzss)
                  0000ad21    0000002f     board.obj (.text:ADC_setInterruptSource)
                  0000ad50    0000002e     board.obj (.text:ADC_setInterruptSOCTrigger)
                  0000ad7e    0000002b     rts2800_fpu32_eabi.lib : autoinit.c.obj (.text:__TI_auto_init_nobinit_nopinit)
                  0000ada9    0000002a     controle_mci_bldc.obj (.text:initEPWM2)
                  0000add3    00000029     rts2800_fpu32_eabi.lib : exit.c.obj (.text)
                  0000adfc    00000028     board.obj (.text:EPWM_setInterruptEventCount)
                  0000ae24    00000027     driverlib.lib : adc.obj (.text:ADC_setVREF)
                  0000ae4b    00000027     board.obj (.text:EPWM_isBaseValid)
                  0000ae72    00000027     controle_mci_bldc.obj (.text:EPWM_isBaseValid)
                  0000ae99    00000025     driverlib.lib : sysctl.obj (.text:SysCtl_selectXTALSingleEnded)
                  0000aebe    00000024                   : sysctl.obj (.text:DCC_enableSingleShotMode)
                  0000aee2    00000022     controle_mci_bldc.obj (.text:EPWM_getCounterCompareValue)
                  0000af04    00000022     board.obj (.text:EPWM_setCounterCompareValue)
                  0000af26    00000022     controle_mci_bldc.obj (.text:EPWM_setCounterCompareValue)
                  0000af48    00000021     board.obj (.text:ADC_disableContinuousMode)
                  0000af69    00000020     board.obj (.text:ADC_enableInterrupt)
                  0000af89    00000020     driverlib.lib : adc.obj (.text:ADC_setOffsetTrimAll)
                  0000afa9    0000001f     board.obj (.text:EPWM_setFallingEdgeDelayCountShadowLoadMode)
                  0000afc8    0000001f     board.obj (.text:EPWM_setRisingEdgeDelayCountShadowLoadMode)
                  0000afe7    0000001e     driverlib.lib : sysctl.obj (.text:DCC_setCounter0ClkSource)
                  0000b005    0000001e                   : sysctl.obj (.text:DCC_setCounter1ClkSource)
                  0000b023    0000001e     board.obj (.text:EPWM_setPhaseShift)
                  0000b041    0000001e     driverlib.lib : interrupt.obj (.text:Interrupt_initVectorTable)
                  0000b05f    0000001d     controle_mci_bldc.obj (.text:ADC_getInterruptOverflowStatus)
                  0000b07c    0000001d     rts2800_fpu32_eabi.lib : memcpy.c.obj (.text)
                  0000b099    0000001c     board.obj (.text:ADC_setSOCPriority)
                  0000b0b5    0000001c     controle_mci_bldc.obj (.text:EPWM_disableADCTrigger)
                  0000b0d1    0000001c     board.obj (.text:EPWM_enableADCTrigger)
                  0000b0ed    0000001c     controle_mci_bldc.obj (.text:EPWM_enableADCTrigger)
                  0000b109    0000001c     board.obj (.text:EPWM_setClockPrescaler)
                  0000b125    0000001c     controle_mci_bldc.obj (.text:EPWM_setClockPrescaler)
                  0000b141    0000001a     board.obj (.text:ASysCtl_setAnalogReference1P65)
                  0000b15b    0000001a     driverlib.lib : sysctl.obj (.text:SysCtl_getLowSpeedClock)
                  0000b175    00000019                   : sysctl.obj (.text:SysCtl_setPLLSysClk)
                  0000b18e    00000018     board.obj (.text:ASysCtl_setAnalogReferenceInternal)
                  0000b1a6    00000018     board.obj (.text:EPWM_disableFallingEdgeDelayCountShadowLoadMode)
                  0000b1be    00000018     board.obj (.text:EPWM_disableRisingEdgeDelayCountShadowLoadMode)
                  0000b1d6    00000018     controle_mci_bldc.obj (.text:SysCtl_disablePeripheral)
                  0000b1ee    00000017     controle_mci_bldc.obj (.text:SysCtl_enablePeripheral)
                  0000b205    00000017     device.obj (.text:SysCtl_enablePeripheral)
                  0000b21c    00000017     driverlib.lib : sysctl.obj (.text:SysCtl_enablePeripheral)
                  0000b233    00000017     rts2800_fpu32_eabi.lib : boot28.asm.obj (.text)
                  0000b24a    00000016     controle_mci_bldc.obj (.text:ADC_readResult)
                  0000b260    00000016     board.obj (.text:ADC_setInterruptPulseMode)
                  0000b276    00000016     board.obj (.text:ADC_setPrescaler)
                  0000b28c    00000016     driverlib.lib : sysctl.obj (.text:DCC_disableDoneSignal)
                  0000b2a2    00000016                   : interrupt.obj (.text:Interrupt_defaultHandler)
                  0000b2b8    00000015     board.obj (.text:ADC_disableBurstMode)
                  0000b2cd    00000015     driverlib.lib : sysctl.obj (.text:DCC_clearDoneFlag)
                  0000b2e2    00000015                   : sysctl.obj (.text:DCC_clearErrorFlag)
                  0000b2f7    00000015                   : sysctl.obj (.text:DCC_disableErrorSignal)
                  0000b30c    00000015                   : sysctl.obj (.text:DCC_isBaseValid)
                  0000b321    00000015     board.obj (.text:GPIO0_init)
                  0000b336    00000015     device.obj (.text:GPIO_unlockPortConfig)
                  0000b34b    00000014     controle_mci_bldc.obj (.text:ADC_clearInterruptOverflowStatus)
                  0000b35f    00000014     board.obj (.text:ADC_clearInterruptStatus)
                  0000b373    00000014     controle_mci_bldc.obj (.text:ADC_clearInterruptStatus)
                  0000b387    00000014     driverlib.lib : sysctl.obj (.text:DCC_disableModule)
                  0000b39b    00000014                   : sysctl.obj (.text:DCC_enableModule)
                  0000b3af    00000014     board.obj (.text:EPWM_setTimeBaseCounterMode)
                  0000b3c3    00000014     controle_mci_bldc.obj (.text:EPWM_setTimeBaseCounterMode)
                  0000b3d7    00000014     board.obj (.text:EPWM_setTimeBasePeriod)
                  0000b3eb    00000014     controle_mci_bldc.obj (.text:EPWM_setTimeBasePeriod)
                  0000b3ff    00000014     board.obj (.text:GPIO_isPinValid)
                  0000b413    00000014     driverlib.lib : gpio.obj (.text:GPIO_isPinValid)
                  0000b427    00000014     device.obj (.text:SysCtl_deviceCal)
                  0000b43b    00000013     board.obj (.text:ADC_enableConverter)
                  0000b44e    00000013     board.obj (.text:ADC_isBaseValid)
                  0000b461    00000013     controle_mci_bldc.obj (.text:ADC_isBaseValid)
                  0000b474    00000013     driverlib.lib : adc.obj (.text:ADC_isBaseValid)
                  0000b487    00000013     controle_mci_bldc.obj (.text:EPWM_clearEventTriggerInterruptFlag)
                  0000b49a    00000013     board.obj (.text:EPWM_enableInterrupt)
                  0000b4ad    00000012     board.obj (.text:EPWM_setTimeBaseCounter)
                  0000b4bf    00000012     board.obj (.text:SysCtl_setSyncOutputConfig)
                  0000b4d1    00000011     board.obj (.text:Board_init)
                  0000b4e2    00000011     board.obj (.text:EPWM_disablePhaseShiftLoad)
                  0000b4f3    00000010     device.obj (.text:Device_initGPIO)
                  0000b503    0000000f     board.obj (.text:Interrupt_register)
                  0000b512    0000000f     controle_mci_bldc.obj (.text:Interrupt_register)
                  0000b521    0000000f     controle_mci_bldc.obj (.text:initEPWM1)
                  0000b530    0000000d     board.obj (.text:ASYSCTL_init)
                  0000b53d    0000000d     board.obj (.text:INTERRUPT_init)
                  0000b54a    0000000d     driverlib.lib : interrupt.obj (.text:Interrupt_disableGlobal)
                  0000b557    0000000d                   : interrupt.obj (.text:Interrupt_enableGlobal)
                  0000b564    0000000d     device.obj (.text:SysCtl_setLowSpeedClock)
                  0000b571    0000000d     rts2800_fpu32_eabi.lib : copy_zero_init.c.obj (.text:decompress:ZI:__TI_zero_init_nomemset)
                  0000b57e    0000000c     board.obj (.text:SysCtl_enableExtADCSOCSource)
                  0000b58a    0000000c     rts2800_fpu32_eabi.lib : args_main.c.obj (.text)
                  0000b596    0000000b     device.obj (.text:SysCtl_disableWatchdog)
                  0000b5a1    0000000b     driverlib.lib : sysctl.obj (.text:SysCtl_isMCDClockFailureDetected)
                  0000b5ac    0000000a                   : interrupt.obj (.text:Interrupt_illegalOperationHandler)
                  0000b5b6    0000000a                   : interrupt.obj (.text:Interrupt_nmiHandler)
                  0000b5c0    0000000a     board.obj (.text:SYNC_init)
                  0000b5ca    00000009     rts2800_fpu32_eabi.lib : _lock.c.obj (.text)
                  0000b5d3    00000008                            : copy_decompress_none.c.obj (.text:decompress:none)
                  0000b5db    00000008     f28002x_codestartbranch.obj (.text)
                  0000b5e3    00000007     board.obj (.text:ASysCtl_enableTemperatureSensor)
                  0000b5ea    00000007     device.obj (.text:ASysCtl_lockVREG)
                  0000b5f1    00000007     driverlib.lib : sysctl.obj (.text:SysCtl_resetMCD)
                  0000b5f8    00000007     device.obj (.text:__error__)
                  0000b5ff    00000006     controle_mci_bldc.obj (.text:Interrupt_clearACKGroup)
                  0000b605    00000003     board.obj (.text:ADC_init)
                  0000b608    00000003     board.obj (.text:GPIO_init)
                  0000b60b    00000002     rts2800_fpu32_eabi.lib : pre_init.c.obj (.text)
                  0000b60d    00000001                            : startup.c.obj (.text)

.reset     0    003fffc0    00000000     DSECT

codestart 
*          0    00000000    00000002     
                  00000000    00000002     f28002x_codestartbranch.obj (codestart)

.stack     0    00000400    00000200     UNINITIALIZED
                  00000400    00000200     --HOLE--

.bss       0    0000b60e    0000000e     UNINITIALIZED
                  0000b60e    0000000e     controle_mci_bldc.obj (.bss)

.init_array 
*          0    00000128    00000000     UNINITIALIZED

.const     0    0000b61c    00000373     
                  0000b61c    00000114     board.obj (.const:.string)
                  0000b730    0000009a     driverlib.lib : sysctl.obj (.const:.string)
                  0000b7ca    00000098                   : gpio.obj (.const:.string)
                  0000b862    00000088     controle_mci_bldc.obj (.const:.string)
                  0000b8ea    00000059     device.obj (.const:.string)
                  0000b943    00000001     --HOLE-- [fill = 0]
                  0000b944    0000004b     driverlib.lib : adc.obj (.const:.string)

.data      0    0000b990    00000024     UNINITIALIZED
                  0000b990    00000014     controle_mci_bldc.obj (.data:adcBuffer)
                  0000b9a4    00000006     controle_mci_bldc.obj (.data)
                  0000b9aa    00000006     rts2800_fpu32_eabi.lib : exit.c.obj (.data)
                  0000b9b0    00000002                            : _lock.c.obj (.data:_lock)
                  0000b9b2    00000002                            : _lock.c.obj (.data:_unlock)

MODULE SUMMARY

       Module                        code   ro data   rw data
       ------                        ----   -------   -------
    .\
       controle_mci_bldc.obj         1013   136       40     
    +--+-----------------------------+------+---------+---------+
       Total:                        1013   136       40     
                                                             
    .\device\
       device.obj                    326    89        0      
       f28002x_codestartbranch.obj   10     0         0      
    +--+-----------------------------+------+---------+---------+
       Total:                        336    89        0      
                                                             
    .\syscfg\
       board.obj                     1957   276       0      
    +--+-----------------------------+------+---------+---------+
       Total:                        1957   276       0      
                                                             
    C:/ti/c2000/C2000Ware_5_04_00_00/driverlib/f28002x/driverlib/ccs/Debug/driverlib.lib
       sysctl.obj                    1346   154       0      
       gpio.obj                      331    152       0      
       interrupt.obj                 214    0         0      
       adc.obj                       90     75        0      
    +--+-----------------------------+------+---------+---------+
       Total:                        1981   381       0      
                                                             
    C:\ti\ccs1281\ccs\tools\compiler\ti-cgt-c2000_22.6.1.LTS\lib\rts2800_fpu32_eabi.lib
       fs_div28.asm.obj              136    0         0      
       copy_decompress_lzss.c.obj    48     0         0      
       exit.c.obj                    41     0         6      
       autoinit.c.obj                43     0         0      
       memcpy.c.obj                  29     0         0      
       boot28.asm.obj                23     0         0      
       _lock.c.obj                   9      0         4      
       copy_zero_init.c.obj          13     0         0      
       args_main.c.obj               12     0         0      
       copy_decompress_none.c.obj    8      0         0      
       pre_init.c.obj                2      0         0      
       startup.c.obj                 1      0         0      
    +--+-----------------------------+------+---------+---------+
       Total:                        365    0         10     
                                                             
       Stack:                        0      0         512    
       Linker Generated:             0      28        0      
    +--+-----------------------------+------+---------+---------+
       Grand Total:                  5652   910       562    


LINKER GENERATED COPY TABLES

__TI_cinit_table @ 00000140 records: 2, size/record: 4, table size: 8
	.data: load addr=0000012c, load size=0000000a bytes, run addr=0000b990, run size=00000024 bytes, compression=lzss
	.bss: load addr=0000013c, load size=00000004 bytes, run addr=0000b60e, run size=0000000e bytes, compression=zero_init


LINKER GENERATED HANDLER TABLE

__TI_handler_table @ 00000136 records: 3, size/record: 2, table size: 6
	index: 0, handler: __TI_zero_init
	index: 1, handler: __TI_decompress_lzss
	index: 2, handler: __TI_decompress_none


GLOBAL DATA SYMBOLS: SORTED BY DATA PAGE

address     data page           name
--------    ----------------    ----
00000400      10 (00000400)     __stack

0000b60e     2d8 (0000b600)     compAValue
0000b60f     2d8 (0000b600)     Vbus
0000b610     2d8 (0000b600)     adcAResult0
0000b611     2d8 (0000b600)     i
0000b612     2d8 (0000b600)     voltage
0000b614     2d8 (0000b600)     epwm1Info

0000b9a6     2e6 (0000b980)     erro
0000b9a8     2e6 (0000b980)     erro1
0000b9aa     2e6 (0000b980)     __TI_enable_exit_profile_output
0000b9ac     2e6 (0000b980)     __TI_cleanup_ptr
0000b9ae     2e6 (0000b980)     __TI_dtors_ptr
0000b9b0     2e6 (0000b980)     _lock
0000b9b2     2e6 (0000b980)     _unlock


GLOBAL SYMBOLS: SORTED ALPHABETICALLY BY Name 

page  address   name                             
----  -------   ----                             
0     0000b605  ADC_init                         
0     0000af89  ADC_setOffsetTrimAll             
0     0000ae24  ADC_setVREF                      
0     0000b530  ASYSCTL_init                     
0     0000b4d1  Board_init                       
0     0000add3  C$$EXIT                          
0     0000a515  Device_enableAllPeripherals      
0     0000ac1f  Device_init                      
0     0000b4f3  Device_initGPIO                  
0     0000a000  EPWM_init                        
0     0000b321  GPIO0_init                       
0     0000b608  GPIO_init                        
0     0000a8f9  GPIO_setAnalogMode               
0     0000acc0  GPIO_setDirectionMode            
0     0000a784  GPIO_setPadConfig                
0     0000ab7a  GPIO_setPinConfig                
0     0000abb1  GPIO_setQualificationMode        
0     0000b53d  INTERRUPT_init                   
0     0000b2a2  Interrupt_defaultHandler         
0     0000abe8  Interrupt_enable                 
0     0000b5ac  Interrupt_illegalOperationHandler
0     0000aa8c  Interrupt_initModule             
0     0000b041  Interrupt_initVectorTable        
0     0000b5b6  Interrupt_nmiHandler             
0     0000a38d  PinMux_init                      
0     0000b5c0  SYNC_init                        
0     00000128  SysCtl_delay                     
0     0000a71f  SysCtl_getClock                  
0     0000b15b  SysCtl_getLowSpeedClock          
0     0000a28f  SysCtl_isPLLValid                
0     0000a86c  SysCtl_selectOscSource           
0     0000a93f  SysCtl_selectXTAL                
0     0000ae99  SysCtl_selectXTALSingleEnded     
0     0000a16c  SysCtl_setClock                  
0     0000b60f  Vbus                             
0     00000140  __TI_CINIT_Base                  
0     00000148  __TI_CINIT_Limit                 
0     00000148  __TI_CINIT_Warm                  
0     00000136  __TI_Handler_Table_Base          
0     0000013c  __TI_Handler_Table_Limit         
0     00000600  __TI_STACK_END                   
abs   00000200  __TI_STACK_SIZE                  
0     0000ad7e  __TI_auto_init_nobinit_nopinit   
0     0000b9ac  __TI_cleanup_ptr                 
0     0000acf1  __TI_decompress_lzss             
0     0000b5d3  __TI_decompress_none             
0     0000b9ae  __TI_dtors_ptr                   
0     0000b9aa  __TI_enable_exit_profile_output  
abs   ffffffff  __TI_pprof_out_hndl              
abs   ffffffff  __TI_prof_data_size              
abs   ffffffff  __TI_prof_data_start             
0     0000b571  __TI_zero_init_nomemset          
0     0000a5af  __c28xabi_divf                   
n/a   UNDEFED   __c_args__                       
0     0000b5f8  __error__                        
0     00000400  __stack                          
0     0000b58a  _args_main                       
0     0000b233  _c_int00                         
0     0000b9b0  _lock                            
0     0000b5d2  _nop                             
0     0000b5ce  _register_lock                   
0     0000b5ca  _register_unlock                 
0     0000b60d  _system_post_cinit               
0     0000b60b  _system_pre_init                 
0     0000b9b2  _unlock                          
0     0000add3  abort                            
0     0000a45c  adcA1ISR                         
0     0000b610  adcAResult0                      
0     00000000  code_start                       
0     0000b60e  compAValue                       
0     0000ac55  epwm1ISR                         
0     0000b614  epwm1Info                        
0     0000b9a6  erro                             
0     0000b9a8  erro1                            
0     0000add5  exit                             
0     0000b611  i                                
0     0000b521  initEPWM1                        
0     0000ada9  initEPWM2                        
0     0000ac8b  main                             
0     0000b07c  memcpy                           
0     0000a821  myADC0_init                      
0     0000aac9  updateCompare                    
0     0000b612  voltage                          


GLOBAL SYMBOLS: SORTED BY Symbol Address 

page  address   name                             
----  -------   ----                             
0     00000000  code_start                       
0     00000128  SysCtl_delay                     
0     00000136  __TI_Handler_Table_Base          
0     0000013c  __TI_Handler_Table_Limit         
0     00000140  __TI_CINIT_Base                  
0     00000148  __TI_CINIT_Limit                 
0     00000148  __TI_CINIT_Warm                  
0     00000400  __stack                          
0     00000600  __TI_STACK_END                   
0     0000a000  EPWM_init                        
0     0000a16c  SysCtl_setClock                  
0     0000a28f  SysCtl_isPLLValid                
0     0000a38d  PinMux_init                      
0     0000a45c  adcA1ISR                         
0     0000a515  Device_enableAllPeripherals      
0     0000a5af  __c28xabi_divf                   
0     0000a71f  SysCtl_getClock                  
0     0000a784  GPIO_setPadConfig                
0     0000a821  myADC0_init                      
0     0000a86c  SysCtl_selectOscSource           
0     0000a8f9  GPIO_setAnalogMode               
0     0000a93f  SysCtl_selectXTAL                
0     0000aa8c  Interrupt_initModule             
0     0000aac9  updateCompare                    
0     0000ab7a  GPIO_setPinConfig                
0     0000abb1  GPIO_setQualificationMode        
0     0000abe8  Interrupt_enable                 
0     0000ac1f  Device_init                      
0     0000ac55  epwm1ISR                         
0     0000ac8b  main                             
0     0000acc0  GPIO_setDirectionMode            
0     0000acf1  __TI_decompress_lzss             
0     0000ad7e  __TI_auto_init_nobinit_nopinit   
0     0000ada9  initEPWM2                        
0     0000add3  C$$EXIT                          
0     0000add3  abort                            
0     0000add5  exit                             
0     0000ae24  ADC_setVREF                      
0     0000ae99  SysCtl_selectXTALSingleEnded     
0     0000af89  ADC_setOffsetTrimAll             
0     0000b041  Interrupt_initVectorTable        
0     0000b07c  memcpy                           
0     0000b15b  SysCtl_getLowSpeedClock          
0     0000b233  _c_int00                         
0     0000b2a2  Interrupt_defaultHandler         
0     0000b321  GPIO0_init                       
0     0000b4d1  Board_init                       
0     0000b4f3  Device_initGPIO                  
0     0000b521  initEPWM1                        
0     0000b530  ASYSCTL_init                     
0     0000b53d  INTERRUPT_init                   
0     0000b571  __TI_zero_init_nomemset          
0     0000b58a  _args_main                       
0     0000b5ac  Interrupt_illegalOperationHandler
0     0000b5b6  Interrupt_nmiHandler             
0     0000b5c0  SYNC_init                        
0     0000b5ca  _register_unlock                 
0     0000b5ce  _register_lock                   
0     0000b5d2  _nop                             
0     0000b5d3  __TI_decompress_none             
0     0000b5f8  __error__                        
0     0000b605  ADC_init                         
0     0000b608  GPIO_init                        
0     0000b60b  _system_pre_init                 
0     0000b60d  _system_post_cinit               
0     0000b60e  compAValue                       
0     0000b60f  Vbus                             
0     0000b610  adcAResult0                      
0     0000b611  i                                
0     0000b612  voltage                          
0     0000b614  epwm1Info                        
0     0000b9a6  erro                             
0     0000b9a8  erro1                            
0     0000b9aa  __TI_enable_exit_profile_output  
0     0000b9ac  __TI_cleanup_ptr                 
0     0000b9ae  __TI_dtors_ptr                   
0     0000b9b0  _lock                            
0     0000b9b2  _unlock                          
abs   00000200  __TI_STACK_SIZE                  
abs   ffffffff  __TI_pprof_out_hndl              
abs   ffffffff  __TI_prof_data_size              
abs   ffffffff  __TI_prof_data_start             
n/a   UNDEFED   __c_args__                       

[83 symbols]
