<?xml version="1.0" encoding="ISO-8859-1" ?>
<link_info>
   <banner>TMS320C2000 Linker PC v22.6.1.LTS</banner>
   <copyright>Copyright (c) 1996-2018 Texas Instruments Incorporated</copyright>
   <link_time>0x67ad2300</link_time>
   <link_errors>0x0</link_errors>
   <output_file>controle_mci_bldc.out</output_file>
   <entry_point>
      <name>code_start</name>
      <address>0x0</address>
   </entry_point>
   <input_file_list>
      <input_file id="fl-2">
         <path>.\</path>
         <kind>object</kind>
         <file>controle_mci_bldc.obj</file>
         <name>controle_mci_bldc.obj</name>
      </input_file>
      <input_file id="fl-3">
         <path>.\syscfg\</path>
         <kind>object</kind>
         <file>board.obj</file>
         <name>board.obj</name>
      </input_file>
      <input_file id="fl-4">
         <path>.\syscfg\</path>
         <kind>object</kind>
         <file>c2000ware_libraries.obj</file>
         <name>c2000ware_libraries.obj</name>
      </input_file>
      <input_file id="fl-5">
         <path>.\device\</path>
         <kind>object</kind>
         <file>device.obj</file>
         <name>device.obj</name>
      </input_file>
      <input_file id="fl-6">
         <path>.\device\</path>
         <kind>object</kind>
         <file>f28002x_codestartbranch.obj</file>
         <name>f28002x_codestartbranch.obj</name>
      </input_file>
      <input_file id="fl-c">
         <kind>object</kind>
         <file>&lt;internal&gt;</file>
         <name>&lt;internal&gt;</name>
      </input_file>
      <input_file id="fl-d">
         <path>C:\ti\c2000\C2000Ware_5_04_00_00\driverlib\f28002x\driverlib\ccs\Debug\</path>
         <kind>archive</kind>
         <file>driverlib.lib</file>
         <name>adc.obj</name>
      </input_file>
      <input_file id="fl-e">
         <path>C:\ti\c2000\C2000Ware_5_04_00_00\driverlib\f28002x\driverlib\ccs\Debug\</path>
         <kind>archive</kind>
         <file>driverlib.lib</file>
         <name>dcc.obj</name>
      </input_file>
      <input_file id="fl-f">
         <path>C:\ti\c2000\C2000Ware_5_04_00_00\driverlib\f28002x\driverlib\ccs\Debug\</path>
         <kind>archive</kind>
         <file>driverlib.lib</file>
         <name>gpio.obj</name>
      </input_file>
      <input_file id="fl-10">
         <path>C:\ti\c2000\C2000Ware_5_04_00_00\driverlib\f28002x\driverlib\ccs\Debug\</path>
         <kind>archive</kind>
         <file>driverlib.lib</file>
         <name>interrupt.obj</name>
      </input_file>
      <input_file id="fl-11">
         <path>C:\ti\c2000\C2000Ware_5_04_00_00\driverlib\f28002x\driverlib\ccs\Debug\</path>
         <kind>archive</kind>
         <file>driverlib.lib</file>
         <name>sysctl.obj</name>
      </input_file>
      <input_file id="fl-1d">
         <path>C:\ti\ccs1281\ccs\tools\compiler\ti-cgt-c2000_22.6.1.LTS\lib\</path>
         <kind>archive</kind>
         <file>rts2800_fpu32_eabi.lib</file>
         <name>boot28.asm.obj</name>
      </input_file>
      <input_file id="fl-1e">
         <path>C:\ti\ccs1281\ccs\tools\compiler\ti-cgt-c2000_22.6.1.LTS\lib\</path>
         <kind>archive</kind>
         <file>rts2800_fpu32_eabi.lib</file>
         <name>fs_div28.asm.obj</name>
      </input_file>
      <input_file id="fl-1f">
         <path>C:\ti\ccs1281\ccs\tools\compiler\ti-cgt-c2000_22.6.1.LTS\lib\</path>
         <kind>archive</kind>
         <file>rts2800_fpu32_eabi.lib</file>
         <name>pre_init.c.obj</name>
      </input_file>
      <input_file id="fl-20">
         <path>C:\ti\ccs1281\ccs\tools\compiler\ti-cgt-c2000_22.6.1.LTS\lib\</path>
         <kind>archive</kind>
         <file>rts2800_fpu32_eabi.lib</file>
         <name>autoinit.c.obj</name>
      </input_file>
      <input_file id="fl-21">
         <path>C:\ti\ccs1281\ccs\tools\compiler\ti-cgt-c2000_22.6.1.LTS\lib\</path>
         <kind>archive</kind>
         <file>rts2800_fpu32_eabi.lib</file>
         <name>copy_zero_init.c.obj</name>
      </input_file>
      <input_file id="fl-22">
         <path>C:\ti\ccs1281\ccs\tools\compiler\ti-cgt-c2000_22.6.1.LTS\lib\</path>
         <kind>archive</kind>
         <file>rts2800_fpu32_eabi.lib</file>
         <name>copy_decompress_none.c.obj</name>
      </input_file>
      <input_file id="fl-23">
         <path>C:\ti\ccs1281\ccs\tools\compiler\ti-cgt-c2000_22.6.1.LTS\lib\</path>
         <kind>archive</kind>
         <file>rts2800_fpu32_eabi.lib</file>
         <name>copy_decompress_lzss.c.obj</name>
      </input_file>
      <input_file id="fl-24">
         <path>C:\ti\ccs1281\ccs\tools\compiler\ti-cgt-c2000_22.6.1.LTS\lib\</path>
         <kind>archive</kind>
         <file>rts2800_fpu32_eabi.lib</file>
         <name>exit.c.obj</name>
      </input_file>
      <input_file id="fl-25">
         <path>C:\ti\ccs1281\ccs\tools\compiler\ti-cgt-c2000_22.6.1.LTS\lib\</path>
         <kind>archive</kind>
         <file>rts2800_fpu32_eabi.lib</file>
         <name>_lock.c.obj</name>
      </input_file>
      <input_file id="fl-26">
         <path>C:\ti\ccs1281\ccs\tools\compiler\ti-cgt-c2000_22.6.1.LTS\lib\</path>
         <kind>archive</kind>
         <file>rts2800_fpu32_eabi.lib</file>
         <name>args_main.c.obj</name>
      </input_file>
      <input_file id="fl-27">
         <path>C:\ti\ccs1281\ccs\tools\compiler\ti-cgt-c2000_22.6.1.LTS\lib\</path>
         <kind>archive</kind>
         <file>rts2800_fpu32_eabi.lib</file>
         <name>memset.c.obj</name>
      </input_file>
      <input_file id="fl-28">
         <path>C:\ti\ccs1281\ccs\tools\compiler\ti-cgt-c2000_22.6.1.LTS\lib\</path>
         <kind>archive</kind>
         <file>rts2800_fpu32_eabi.lib</file>
         <name>cpy_tbl.c.obj</name>
      </input_file>
      <input_file id="fl-29">
         <path>C:\ti\ccs1281\ccs\tools\compiler\ti-cgt-c2000_22.6.1.LTS\lib\</path>
         <kind>archive</kind>
         <file>rts2800_fpu32_eabi.lib</file>
         <name>memcpy.c.obj</name>
      </input_file>
      <input_file id="fl-2a">
         <path>C:\ti\ccs1281\ccs\tools\compiler\ti-cgt-c2000_22.6.1.LTS\lib\</path>
         <kind>archive</kind>
         <file>rts2800_fpu32_eabi.lib</file>
         <name>startup.c.obj</name>
      </input_file>
   </input_file_list>
   <object_component_list>
      <object_component id="oc-194">
         <name>.text:EPWM_init</name>
         <load_address>0xa000</load_address>
         <run_address>0xa000</run_address>
         <size>0x16c</size>
         <input_file_ref idref="fl-3"/>
      </object_component>
      <object_component id="oc-13f">
         <name>.text:SysCtl_setClock</name>
         <load_address>0xa16c</load_address>
         <run_address>0xa16c</run_address>
         <size>0x123</size>
         <input_file_ref idref="fl-11"/>
      </object_component>
      <object_component id="oc-219">
         <name>.text:SysCtl_isPLLValid</name>
         <load_address>0xa28f</load_address>
         <run_address>0xa28f</run_address>
         <size>0xfe</size>
         <input_file_ref idref="fl-11"/>
      </object_component>
      <object_component id="oc-17c">
         <name>.text:PinMux_init</name>
         <load_address>0xa38d</load_address>
         <run_address>0xa38d</run_address>
         <size>0xcf</size>
         <input_file_ref idref="fl-3"/>
      </object_component>
      <object_component id="oc-32">
         <name>.text:adcA1ISR</name>
         <load_address>0xa45c</load_address>
         <run_address>0xa45c</run_address>
         <size>0xb9</size>
         <input_file_ref idref="fl-2"/>
      </object_component>
      <object_component id="oc-15e">
         <name>.text:Device_enableAllPeripherals</name>
         <load_address>0xa515</load_address>
         <run_address>0xa515</run_address>
         <size>0x9a</size>
         <input_file_ref idref="fl-5"/>
      </object_component>
      <object_component id="oc-d9">
         <name>.text</name>
         <load_address>0xa5af</load_address>
         <run_address>0xa5af</run_address>
         <size>0x88</size>
         <input_file_ref idref="fl-1e"/>
      </object_component>
      <object_component id="oc-1a8">
         <name>.text:EPWM_setADCTriggerSource</name>
         <load_address>0xa637</load_address>
         <run_address>0xa637</run_address>
         <size>0x75</size>
         <input_file_ref idref="fl-2"/>
      </object_component>
      <object_component id="oc-36b">
         <name>.text:DCC_setCounterSeeds</name>
         <load_address>0xa6ac</load_address>
         <run_address>0xa6ac</run_address>
         <size>0x73</size>
         <input_file_ref idref="fl-11"/>
      </object_component>
      <object_component id="oc-14b">
         <name>.text:SysCtl_getClock</name>
         <load_address>0xa71f</load_address>
         <run_address>0xa71f</run_address>
         <size>0x65</size>
         <input_file_ref idref="fl-11"/>
      </object_component>
      <object_component id="oc-23e">
         <name>.text:GPIO_setPadConfig</name>
         <load_address>0xa784</load_address>
         <run_address>0xa784</run_address>
         <size>0x52</size>
         <input_file_ref idref="fl-f"/>
      </object_component>
      <object_component id="oc-2c6">
         <name>.text:EPWM_setInterruptSource</name>
         <load_address>0xa7d6</load_address>
         <run_address>0xa7d6</run_address>
         <size>0x4b</size>
         <input_file_ref idref="fl-3"/>
      </object_component>
      <object_component id="oc-26b">
         <name>.text:myADC0_init</name>
         <load_address>0xa821</load_address>
         <run_address>0xa821</run_address>
         <size>0x4b</size>
         <input_file_ref idref="fl-3"/>
      </object_component>
      <object_component id="oc-20d">
         <name>.text:SysCtl_selectOscSource</name>
         <load_address>0xa86c</load_address>
         <run_address>0xa86c</run_address>
         <size>0x47</size>
         <input_file_ref idref="fl-11"/>
      </object_component>
      <object_component id="oc-3b8">
         <name>.text:ADC_setupSOC</name>
         <load_address>0xa8b3</load_address>
         <run_address>0xa8b3</run_address>
         <size>0x46</size>
         <input_file_ref idref="fl-3"/>
      </object_component>
      <object_component id="oc-238">
         <name>.text:GPIO_setAnalogMode</name>
         <load_address>0xa8f9</load_address>
         <run_address>0xa8f9</run_address>
         <size>0x46</size>
         <input_file_ref idref="fl-f"/>
      </object_component>
      <object_component id="oc-32d">
         <name>.text:SysCtl_selectXTAL</name>
         <load_address>0xa93f</load_address>
         <run_address>0xa93f</run_address>
         <size>0x46</size>
         <input_file_ref idref="fl-11"/>
      </object_component>
      <object_component id="oc-42b">
         <name>.text:SysCtl_pollX1Counter</name>
         <load_address>0xa985</load_address>
         <run_address>0xa985</run_address>
         <size>0x45</size>
         <input_file_ref idref="fl-11"/>
      </object_component>
      <object_component id="oc-3f5">
         <name>.text:GPIO_writePin</name>
         <load_address>0xa9ca</load_address>
         <run_address>0xa9ca</run_address>
         <size>0x44</size>
         <input_file_ref idref="fl-3"/>
      </object_component>
      <object_component id="oc-2a2">
         <name>.text:EPWM_setActionQualifierAction</name>
         <load_address>0xaa0e</load_address>
         <run_address>0xaa0e</run_address>
         <size>0x40</size>
         <input_file_ref idref="fl-3"/>
      </object_component>
      <object_component id="oc-29c">
         <name>.text:EPWM_setCounterCompareShadowLoadMode</name>
         <load_address>0xaa4e</load_address>
         <run_address>0xaa4e</run_address>
         <size>0x3e</size>
         <input_file_ref idref="fl-3"/>
      </object_component>
      <object_component id="oc-94">
         <name>.text:Interrupt_initModule</name>
         <load_address>0xaa8c</load_address>
         <run_address>0xaa8c</run_address>
         <size>0x3d</size>
         <input_file_ref idref="fl-10"/>
      </object_component>
      <object_component id="oc-76">
         <name>.text:updateCompare</name>
         <load_address>0xaac9</load_address>
         <run_address>0xaac9</run_address>
         <size>0x3d</size>
         <input_file_ref idref="fl-2"/>
      </object_component>
      <object_component id="oc-2d8">
         <name>.text:EPWM_setADCTriggerEventPrescale</name>
         <load_address>0xab06</load_address>
         <run_address>0xab06</run_address>
         <size>0x3a</size>
         <input_file_ref idref="fl-3"/>
      </object_component>
      <object_component id="oc-1ae">
         <name>.text:EPWM_setADCTriggerEventPrescale</name>
         <load_address>0xab40</load_address>
         <run_address>0xab40</run_address>
         <size>0x3a</size>
         <input_file_ref idref="fl-2"/>
      </object_component>
      <object_component id="oc-232">
         <name>.text:GPIO_setPinConfig</name>
         <load_address>0xab7a</load_address>
         <run_address>0xab7a</run_address>
         <size>0x37</size>
         <input_file_ref idref="fl-f"/>
      </object_component>
      <object_component id="oc-244">
         <name>.text:GPIO_setQualificationMode</name>
         <load_address>0xabb1</load_address>
         <run_address>0xabb1</run_address>
         <size>0x37</size>
         <input_file_ref idref="fl-f"/>
      </object_component>
      <object_component id="oc-b8">
         <name>.text:Interrupt_enable</name>
         <load_address>0xabe8</load_address>
         <run_address>0xabe8</run_address>
         <size>0x37</size>
         <input_file_ref idref="fl-10"/>
      </object_component>
      <object_component id="oc-88">
         <name>.text:Device_init</name>
         <load_address>0xac1f</load_address>
         <run_address>0xac1f</run_address>
         <size>0x36</size>
         <input_file_ref idref="fl-5"/>
      </object_component>
      <object_component id="oc-26">
         <name>.text:epwm1ISR</name>
         <load_address>0xac55</load_address>
         <run_address>0xac55</run_address>
         <size>0x36</size>
         <input_file_ref idref="fl-2"/>
      </object_component>
      <object_component id="oc-27">
         <name>.text:main</name>
         <load_address>0xac8b</load_address>
         <run_address>0xac8b</run_address>
         <size>0x35</size>
         <input_file_ref idref="fl-2"/>
      </object_component>
      <object_component id="oc-3fb">
         <name>.text:GPIO_setDirectionMode</name>
         <load_address>0xacc0</load_address>
         <run_address>0xacc0</run_address>
         <size>0x31</size>
         <input_file_ref idref="fl-f"/>
      </object_component>
      <object_component id="oc-14">
         <name>.text:decompress:lzss</name>
         <load_address>0xacf1</load_address>
         <run_address>0xacf1</run_address>
         <size>0x30</size>
         <input_file_ref idref="fl-23"/>
      </object_component>
      <object_component id="oc-3c4">
         <name>.text:ADC_setInterruptSource</name>
         <load_address>0xad21</load_address>
         <run_address>0xad21</run_address>
         <size>0x2f</size>
         <input_file_ref idref="fl-3"/>
      </object_component>
      <object_component id="oc-3be">
         <name>.text:ADC_setInterruptSOCTrigger</name>
         <load_address>0xad50</load_address>
         <run_address>0xad50</run_address>
         <size>0x2e</size>
         <input_file_ref idref="fl-3"/>
      </object_component>
      <object_component id="oc-2f2">
         <name>.text:__TI_auto_init_nobinit_nopinit</name>
         <load_address>0xad7e</load_address>
         <run_address>0xad7e</run_address>
         <size>0x2b</size>
         <input_file_ref idref="fl-20"/>
      </object_component>
      <object_component id="oc-b2">
         <name>.text:initEPWM2</name>
         <load_address>0xada9</load_address>
         <run_address>0xada9</run_address>
         <size>0x2a</size>
         <input_file_ref idref="fl-2"/>
      </object_component>
      <object_component id="oc-1f9">
         <name>.text</name>
         <load_address>0xadd3</load_address>
         <run_address>0xadd3</run_address>
         <size>0x29</size>
         <input_file_ref idref="fl-24"/>
      </object_component>
      <object_component id="oc-2cc">
         <name>.text:EPWM_setInterruptEventCount</name>
         <load_address>0xadfc</load_address>
         <run_address>0xadfc</run_address>
         <size>0x28</size>
         <input_file_ref idref="fl-3"/>
      </object_component>
      <object_component id="oc-394">
         <name>.text:ADC_setVREF</name>
         <load_address>0xae24</load_address>
         <run_address>0xae24</run_address>
         <size>0x27</size>
         <input_file_ref idref="fl-d"/>
      </object_component>
      <object_component id="oc-3dd">
         <name>.text:EPWM_isBaseValid</name>
         <load_address>0xae4b</load_address>
         <run_address>0xae4b</run_address>
         <size>0x27</size>
         <input_file_ref idref="fl-3"/>
      </object_component>
      <object_component id="oc-12a">
         <name>.text:EPWM_isBaseValid</name>
         <load_address>0xae72</load_address>
         <run_address>0xae72</run_address>
         <size>0x27</size>
         <input_file_ref idref="fl-2"/>
      </object_component>
      <object_component id="oc-333">
         <name>.text:SysCtl_selectXTALSingleEnded</name>
         <load_address>0xae99</load_address>
         <run_address>0xae99</run_address>
         <size>0x25</size>
         <input_file_ref idref="fl-11"/>
      </object_component>
      <object_component id="oc-371">
         <name>.text:DCC_enableSingleShotMode</name>
         <load_address>0xaebe</load_address>
         <run_address>0xaebe</run_address>
         <size>0x24</size>
         <input_file_ref idref="fl-11"/>
      </object_component>
      <object_component id="oc-11d">
         <name>.text:EPWM_getCounterCompareValue</name>
         <load_address>0xaee2</load_address>
         <run_address>0xaee2</run_address>
         <size>0x22</size>
         <input_file_ref idref="fl-2"/>
      </object_component>
      <object_component id="oc-296">
         <name>.text:EPWM_setCounterCompareValue</name>
         <load_address>0xaf04</load_address>
         <run_address>0xaf04</run_address>
         <size>0x22</size>
         <input_file_ref idref="fl-3"/>
      </object_component>
      <object_component id="oc-123">
         <name>.text:EPWM_setCounterCompareValue</name>
         <load_address>0xaf26</load_address>
         <run_address>0xaf26</run_address>
         <size>0x22</size>
         <input_file_ref idref="fl-2"/>
      </object_component>
      <object_component id="oc-3d0">
         <name>.text:ADC_disableContinuousMode</name>
         <load_address>0xaf48</load_address>
         <run_address>0xaf48</run_address>
         <size>0x21</size>
         <input_file_ref idref="fl-3"/>
      </object_component>
      <object_component id="oc-3d6">
         <name>.text:ADC_enableInterrupt</name>
         <load_address>0xaf69</load_address>
         <run_address>0xaf69</run_address>
         <size>0x20</size>
         <input_file_ref idref="fl-3"/>
      </object_component>
      <object_component id="oc-455">
         <name>.text:ADC_setOffsetTrimAll</name>
         <load_address>0xaf89</load_address>
         <run_address>0xaf89</run_address>
         <size>0x20</size>
         <input_file_ref idref="fl-d"/>
      </object_component>
      <object_component id="oc-2b4">
         <name>.text:EPWM_setFallingEdgeDelayCountShadowLoadMode</name>
         <load_address>0xafa9</load_address>
         <run_address>0xafa9</run_address>
         <size>0x1f</size>
         <input_file_ref idref="fl-3"/>
      </object_component>
      <object_component id="oc-2a8">
         <name>.text:EPWM_setRisingEdgeDelayCountShadowLoadMode</name>
         <load_address>0xafc8</load_address>
         <run_address>0xafc8</run_address>
         <size>0x1f</size>
         <input_file_ref idref="fl-3"/>
      </object_component>
      <object_component id="oc-35f">
         <name>.text:DCC_setCounter0ClkSource</name>
         <load_address>0xafe7</load_address>
         <run_address>0xafe7</run_address>
         <size>0x1e</size>
         <input_file_ref idref="fl-11"/>
      </object_component>
      <object_component id="oc-365">
         <name>.text:DCC_setCounter1ClkSource</name>
         <load_address>0xb005</load_address>
         <run_address>0xb005</run_address>
         <size>0x1e</size>
         <input_file_ref idref="fl-11"/>
      </object_component>
      <object_component id="oc-290">
         <name>.text:EPWM_setPhaseShift</name>
         <load_address>0xb023</load_address>
         <run_address>0xb023</run_address>
         <size>0x1e</size>
         <input_file_ref idref="fl-3"/>
      </object_component>
      <object_component id="oc-40">
         <name>.text:Interrupt_initVectorTable</name>
         <load_address>0xb041</load_address>
         <run_address>0xb041</run_address>
         <size>0x1e</size>
         <input_file_ref idref="fl-10"/>
      </object_component>
      <object_component id="oc-e7">
         <name>.text:ADC_getInterruptOverflowStatus</name>
         <load_address>0xb05f</load_address>
         <run_address>0xb05f</run_address>
         <size>0x1d</size>
         <input_file_ref idref="fl-2"/>
      </object_component>
      <object_component id="oc-59">
         <name>.text</name>
         <load_address>0xb07c</load_address>
         <run_address>0xb07c</run_address>
         <size>0x1d</size>
         <input_file_ref idref="fl-29"/>
      </object_component>
      <object_component id="oc-3b2">
         <name>.text:ADC_setSOCPriority</name>
         <load_address>0xb099</load_address>
         <run_address>0xb099</run_address>
         <size>0x1c</size>
         <input_file_ref idref="fl-3"/>
      </object_component>
      <object_component id="oc-1a2">
         <name>.text:EPWM_disableADCTrigger</name>
         <load_address>0xb0b5</load_address>
         <run_address>0xb0b5</run_address>
         <size>0x1c</size>
         <input_file_ref idref="fl-2"/>
      </object_component>
      <object_component id="oc-2d2">
         <name>.text:EPWM_enableADCTrigger</name>
         <load_address>0xb0d1</load_address>
         <run_address>0xb0d1</run_address>
         <size>0x1c</size>
         <input_file_ref idref="fl-3"/>
      </object_component>
      <object_component id="oc-c4">
         <name>.text:EPWM_enableADCTrigger</name>
         <load_address>0xb0ed</load_address>
         <run_address>0xb0ed</run_address>
         <size>0x1c</size>
         <input_file_ref idref="fl-2"/>
      </object_component>
      <object_component id="oc-272">
         <name>.text:EPWM_setClockPrescaler</name>
         <load_address>0xb109</load_address>
         <run_address>0xb109</run_address>
         <size>0x1c</size>
         <input_file_ref idref="fl-3"/>
      </object_component>
      <object_component id="oc-1ba">
         <name>.text:EPWM_setClockPrescaler</name>
         <load_address>0xb125</load_address>
         <run_address>0xb125</run_address>
         <size>0x1c</size>
         <input_file_ref idref="fl-2"/>
      </object_component>
      <object_component id="oc-264">
         <name>.text:ASysCtl_setAnalogReference1P65</name>
         <load_address>0xb141</load_address>
         <run_address>0xb141</run_address>
         <size>0x1a</size>
         <input_file_ref idref="fl-3"/>
      </object_component>
      <object_component id="oc-152">
         <name>.text:SysCtl_getLowSpeedClock</name>
         <load_address>0xb15b</load_address>
         <run_address>0xb15b</run_address>
         <size>0x1a</size>
         <input_file_ref idref="fl-11"/>
      </object_component>
      <object_component id="oc-213">
         <name>.text:SysCtl_setPLLSysClk</name>
         <load_address>0xb175</load_address>
         <run_address>0xb175</run_address>
         <size>0x19</size>
         <input_file_ref idref="fl-11"/>
      </object_component>
      <object_component id="oc-25e">
         <name>.text:ASysCtl_setAnalogReferenceInternal</name>
         <load_address>0xb18e</load_address>
         <run_address>0xb18e</run_address>
         <size>0x18</size>
         <input_file_ref idref="fl-3"/>
      </object_component>
      <object_component id="oc-2ba">
         <name>.text:EPWM_disableFallingEdgeDelayCountShadowLoadMode</name>
         <load_address>0xb1a6</load_address>
         <run_address>0xb1a6</run_address>
         <size>0x18</size>
         <input_file_ref idref="fl-3"/>
      </object_component>
      <object_component id="oc-2ae">
         <name>.text:EPWM_disableRisingEdgeDelayCountShadowLoadMode</name>
         <load_address>0xb1be</load_address>
         <run_address>0xb1be</run_address>
         <size>0x18</size>
         <input_file_ref idref="fl-3"/>
      </object_component>
      <object_component id="oc-a0">
         <name>.text:SysCtl_disablePeripheral</name>
         <load_address>0xb1d6</load_address>
         <run_address>0xb1d6</run_address>
         <size>0x18</size>
         <input_file_ref idref="fl-2"/>
      </object_component>
      <object_component id="oc-be">
         <name>.text:SysCtl_enablePeripheral</name>
         <load_address>0xb1ee</load_address>
         <run_address>0xb1ee</run_address>
         <size>0x17</size>
         <input_file_ref idref="fl-2"/>
      </object_component>
      <object_component id="oc-225">
         <name>.text:SysCtl_enablePeripheral</name>
         <load_address>0xb205</load_address>
         <run_address>0xb205</run_address>
         <size>0x17</size>
         <input_file_ref idref="fl-5"/>
      </object_component>
      <object_component id="oc-33b">
         <name>.text:SysCtl_enablePeripheral</name>
         <load_address>0xb21c</load_address>
         <run_address>0xb21c</run_address>
         <size>0x17</size>
         <input_file_ref idref="fl-11"/>
      </object_component>
      <object_component id="oc-115">
         <name>.text</name>
         <load_address>0xb233</load_address>
         <run_address>0xb233</run_address>
         <size>0x17</size>
         <input_file_ref idref="fl-1d"/>
      </object_component>
      <object_component id="oc-d3">
         <name>.text:ADC_readResult</name>
         <load_address>0xb24a</load_address>
         <run_address>0xb24a</run_address>
         <size>0x16</size>
         <input_file_ref idref="fl-2"/>
      </object_component>
      <object_component id="oc-3a0">
         <name>.text:ADC_setInterruptPulseMode</name>
         <load_address>0xb260</load_address>
         <run_address>0xb260</run_address>
         <size>0x16</size>
         <input_file_ref idref="fl-3"/>
      </object_component>
      <object_component id="oc-39a">
         <name>.text:ADC_setPrescaler</name>
         <load_address>0xb276</load_address>
         <run_address>0xb276</run_address>
         <size>0x16</size>
         <input_file_ref idref="fl-3"/>
      </object_component>
      <object_component id="oc-359">
         <name>.text:DCC_disableDoneSignal</name>
         <load_address>0xb28c</load_address>
         <run_address>0xb28c</run_address>
         <size>0x16</size>
         <input_file_ref idref="fl-11"/>
      </object_component>
      <object_component id="oc-3e">
         <name>.text:Interrupt_defaultHandler</name>
         <load_address>0xb2a2</load_address>
         <run_address>0xb2a2</run_address>
         <size>0x16</size>
         <input_file_ref idref="fl-10"/>
      </object_component>
      <object_component id="oc-3ac">
         <name>.text:ADC_disableBurstMode</name>
         <load_address>0xb2b8</load_address>
         <run_address>0xb2b8</run_address>
         <size>0x15</size>
         <input_file_ref idref="fl-3"/>
      </object_component>
      <object_component id="oc-347">
         <name>.text:DCC_clearDoneFlag</name>
         <load_address>0xb2cd</load_address>
         <run_address>0xb2cd</run_address>
         <size>0x15</size>
         <input_file_ref idref="fl-11"/>
      </object_component>
      <object_component id="oc-341">
         <name>.text:DCC_clearErrorFlag</name>
         <load_address>0xb2e2</load_address>
         <run_address>0xb2e2</run_address>
         <size>0x15</size>
         <input_file_ref idref="fl-11"/>
      </object_component>
      <object_component id="oc-353">
         <name>.text:DCC_disableErrorSignal</name>
         <load_address>0xb2f7</load_address>
         <run_address>0xb2f7</run_address>
         <size>0x15</size>
         <input_file_ref idref="fl-11"/>
      </object_component>
      <object_component id="oc-43a">
         <name>.text:DCC_isBaseValid</name>
         <load_address>0xb30c</load_address>
         <run_address>0xb30c</run_address>
         <size>0x15</size>
         <input_file_ref idref="fl-11"/>
      </object_component>
      <object_component id="oc-2df">
         <name>.text:GPIO0_init</name>
         <load_address>0xb321</load_address>
         <run_address>0xb321</run_address>
         <size>0x15</size>
         <input_file_ref idref="fl-3"/>
      </object_component>
      <object_component id="oc-16c">
         <name>.text:GPIO_unlockPortConfig</name>
         <load_address>0xb336</load_address>
         <run_address>0xb336</run_address>
         <size>0x15</size>
         <input_file_ref idref="fl-5"/>
      </object_component>
      <object_component id="oc-ed">
         <name>.text:ADC_clearInterruptOverflowStatus</name>
         <load_address>0xb34b</load_address>
         <run_address>0xb34b</run_address>
         <size>0x14</size>
         <input_file_ref idref="fl-2"/>
      </object_component>
      <object_component id="oc-3ca">
         <name>.text:ADC_clearInterruptStatus</name>
         <load_address>0xb35f</load_address>
         <run_address>0xb35f</run_address>
         <size>0x14</size>
         <input_file_ref idref="fl-3"/>
      </object_component>
      <object_component id="oc-e1">
         <name>.text:ADC_clearInterruptStatus</name>
         <load_address>0xb373</load_address>
         <run_address>0xb373</run_address>
         <size>0x14</size>
         <input_file_ref idref="fl-2"/>
      </object_component>
      <object_component id="oc-34d">
         <name>.text:DCC_disableModule</name>
         <load_address>0xb387</load_address>
         <run_address>0xb387</run_address>
         <size>0x14</size>
         <input_file_ref idref="fl-11"/>
      </object_component>
      <object_component id="oc-377">
         <name>.text:DCC_enableModule</name>
         <load_address>0xb39b</load_address>
         <run_address>0xb39b</run_address>
         <size>0x14</size>
         <input_file_ref idref="fl-11"/>
      </object_component>
      <object_component id="oc-284">
         <name>.text:EPWM_setTimeBaseCounterMode</name>
         <load_address>0xb3af</load_address>
         <run_address>0xb3af</run_address>
         <size>0x14</size>
         <input_file_ref idref="fl-3"/>
      </object_component>
      <object_component id="oc-ca">
         <name>.text:EPWM_setTimeBaseCounterMode</name>
         <load_address>0xb3c3</load_address>
         <run_address>0xb3c3</run_address>
         <size>0x14</size>
         <input_file_ref idref="fl-2"/>
      </object_component>
      <object_component id="oc-278">
         <name>.text:EPWM_setTimeBasePeriod</name>
         <load_address>0xb3d7</load_address>
         <run_address>0xb3d7</run_address>
         <size>0x14</size>
         <input_file_ref idref="fl-3"/>
      </object_component>
      <object_component id="oc-1b4">
         <name>.text:EPWM_setTimeBasePeriod</name>
         <load_address>0xb3eb</load_address>
         <run_address>0xb3eb</run_address>
         <size>0x14</size>
         <input_file_ref idref="fl-2"/>
      </object_component>
      <object_component id="oc-46f">
         <name>.text:GPIO_isPinValid</name>
         <load_address>0xb3ff</load_address>
         <run_address>0xb3ff</run_address>
         <size>0x14</size>
         <input_file_ref idref="fl-3"/>
      </object_component>
      <object_component id="oc-386">
         <name>.text:GPIO_isPinValid</name>
         <load_address>0xb413</load_address>
         <run_address>0xb413</run_address>
         <size>0x14</size>
         <input_file_ref idref="fl-f"/>
      </object_component>
      <object_component id="oc-158">
         <name>.text:SysCtl_deviceCal</name>
         <load_address>0xb427</load_address>
         <run_address>0xb427</run_address>
         <size>0x14</size>
         <input_file_ref idref="fl-5"/>
      </object_component>
      <object_component id="oc-3a6">
         <name>.text:ADC_enableConverter</name>
         <load_address>0xb43b</load_address>
         <run_address>0xb43b</run_address>
         <size>0x13</size>
         <input_file_ref idref="fl-3"/>
      </object_component>
      <object_component id="oc-45d">
         <name>.text:ADC_isBaseValid</name>
         <load_address>0xb44e</load_address>
         <run_address>0xb44e</run_address>
         <size>0x13</size>
         <input_file_ref idref="fl-3"/>
      </object_component>
      <object_component id="oc-1d2">
         <name>.text:ADC_isBaseValid</name>
         <load_address>0xb461</load_address>
         <run_address>0xb461</run_address>
         <size>0x13</size>
         <input_file_ref idref="fl-2"/>
      </object_component>
      <object_component id="oc-44e">
         <name>.text:ADC_isBaseValid</name>
         <load_address>0xb474</load_address>
         <run_address>0xb474</run_address>
         <size>0x13</size>
         <input_file_ref idref="fl-d"/>
      </object_component>
      <object_component id="oc-7c">
         <name>.text:EPWM_clearEventTriggerInterruptFlag</name>
         <load_address>0xb487</load_address>
         <run_address>0xb487</run_address>
         <size>0x13</size>
         <input_file_ref idref="fl-2"/>
      </object_component>
      <object_component id="oc-2c0">
         <name>.text:EPWM_enableInterrupt</name>
         <load_address>0xb49a</load_address>
         <run_address>0xb49a</run_address>
         <size>0x13</size>
         <input_file_ref idref="fl-3"/>
      </object_component>
      <object_component id="oc-27e">
         <name>.text:EPWM_setTimeBaseCounter</name>
         <load_address>0xb4ad</load_address>
         <run_address>0xb4ad</run_address>
         <size>0x12</size>
         <input_file_ref idref="fl-3"/>
      </object_component>
      <object_component id="oc-24b">
         <name>.text:SysCtl_setSyncOutputConfig</name>
         <load_address>0xb4bf</load_address>
         <run_address>0xb4bf</run_address>
         <size>0x12</size>
         <input_file_ref idref="fl-3"/>
      </object_component>
      <object_component id="oc-a6">
         <name>.text:Board_init</name>
         <load_address>0xb4d1</load_address>
         <run_address>0xb4d1</run_address>
         <size>0x11</size>
         <input_file_ref idref="fl-3"/>
      </object_component>
      <object_component id="oc-28a">
         <name>.text:EPWM_disablePhaseShiftLoad</name>
         <load_address>0xb4e2</load_address>
         <run_address>0xb4e2</run_address>
         <size>0x11</size>
         <input_file_ref idref="fl-3"/>
      </object_component>
      <object_component id="oc-8e">
         <name>.text:Device_initGPIO</name>
         <load_address>0xb4f3</load_address>
         <run_address>0xb4f3</run_address>
         <size>0x10</size>
         <input_file_ref idref="fl-5"/>
      </object_component>
      <object_component id="oc-f7">
         <name>.text:Interrupt_register</name>
         <load_address>0xb503</load_address>
         <run_address>0xb503</run_address>
         <size>0xf</size>
         <input_file_ref idref="fl-3"/>
      </object_component>
      <object_component id="oc-9a">
         <name>.text:Interrupt_register</name>
         <load_address>0xb512</load_address>
         <run_address>0xb512</run_address>
         <size>0xf</size>
         <input_file_ref idref="fl-2"/>
      </object_component>
      <object_component id="oc-ac">
         <name>.text:initEPWM1</name>
         <load_address>0xb521</load_address>
         <run_address>0xb521</run_address>
         <size>0xf</size>
         <input_file_ref idref="fl-2"/>
      </object_component>
      <object_component id="oc-188">
         <name>.text:ASYSCTL_init</name>
         <load_address>0xb530</load_address>
         <run_address>0xb530</run_address>
         <size>0xd</size>
         <input_file_ref idref="fl-3"/>
      </object_component>
      <object_component id="oc-38">
         <name>.text:INTERRUPT_init</name>
         <load_address>0xb53d</load_address>
         <run_address>0xb53d</run_address>
         <size>0xd</size>
         <input_file_ref idref="fl-3"/>
      </object_component>
      <object_component id="oc-173">
         <name>.text:Interrupt_disableGlobal</name>
         <load_address>0xb54a</load_address>
         <run_address>0xb54a</run_address>
         <size>0xd</size>
         <input_file_ref idref="fl-10"/>
      </object_component>
      <object_component id="oc-1c1">
         <name>.text:Interrupt_enableGlobal</name>
         <load_address>0xb557</load_address>
         <run_address>0xb557</run_address>
         <size>0xd</size>
         <input_file_ref idref="fl-10"/>
      </object_component>
      <object_component id="oc-145">
         <name>.text:SysCtl_setLowSpeedClock</name>
         <load_address>0xb564</load_address>
         <run_address>0xb564</run_address>
         <size>0xd</size>
         <input_file_ref idref="fl-5"/>
      </object_component>
      <object_component id="oc-61">
         <name>.text:decompress:ZI:__TI_zero_init_nomemset</name>
         <load_address>0xb571</load_address>
         <run_address>0xb571</run_address>
         <size>0xd</size>
         <input_file_ref idref="fl-21"/>
      </object_component>
      <object_component id="oc-251">
         <name>.text:SysCtl_enableExtADCSOCSource</name>
         <load_address>0xb57e</load_address>
         <run_address>0xb57e</run_address>
         <size>0xc</size>
         <input_file_ref idref="fl-3"/>
      </object_component>
      <object_component id="oc-1f3">
         <name>.text</name>
         <load_address>0xb58a</load_address>
         <run_address>0xb58a</run_address>
         <size>0xc</size>
         <input_file_ref idref="fl-26"/>
      </object_component>
      <object_component id="oc-139">
         <name>.text:SysCtl_disableWatchdog</name>
         <load_address>0xb596</load_address>
         <run_address>0xb596</run_address>
         <size>0xb</size>
         <input_file_ref idref="fl-5"/>
      </object_component>
      <object_component id="oc-206">
         <name>.text:SysCtl_isMCDClockFailureDetected</name>
         <load_address>0xb5a1</load_address>
         <run_address>0xb5a1</run_address>
         <size>0xb</size>
         <input_file_ref idref="fl-11"/>
      </object_component>
      <object_component id="oc-4a">
         <name>.text:Interrupt_illegalOperationHandler</name>
         <load_address>0xb5ac</load_address>
         <run_address>0xb5ac</run_address>
         <size>0xa</size>
         <input_file_ref idref="fl-10"/>
      </object_component>
      <object_component id="oc-50">
         <name>.text:Interrupt_nmiHandler</name>
         <load_address>0xb5b6</load_address>
         <run_address>0xb5b6</run_address>
         <size>0xa</size>
         <input_file_ref idref="fl-10"/>
      </object_component>
      <object_component id="oc-182">
         <name>.text:SYNC_init</name>
         <load_address>0xb5c0</load_address>
         <run_address>0xb5c0</run_address>
         <size>0xa</size>
         <input_file_ref idref="fl-3"/>
      </object_component>
      <object_component id="oc-41f">
         <name>.text</name>
         <load_address>0xb5ca</load_address>
         <run_address>0xb5ca</run_address>
         <size>0x9</size>
         <input_file_ref idref="fl-25"/>
      </object_component>
      <object_component id="oc-1a">
         <name>.text:decompress:none</name>
         <load_address>0xb5d3</load_address>
         <run_address>0xb5d3</run_address>
         <size>0x8</size>
         <input_file_ref idref="fl-22"/>
      </object_component>
      <object_component id="oc-6d">
         <name>.text</name>
         <load_address>0xb5db</load_address>
         <run_address>0xb5db</run_address>
         <size>0x8</size>
         <input_file_ref idref="fl-6"/>
      </object_component>
      <object_component id="oc-258">
         <name>.text:ASysCtl_enableTemperatureSensor</name>
         <load_address>0xb5e3</load_address>
         <run_address>0xb5e3</run_address>
         <size>0x7</size>
         <input_file_ref idref="fl-3"/>
      </object_component>
      <object_component id="oc-164">
         <name>.text:ASysCtl_lockVREG</name>
         <load_address>0xb5ea</load_address>
         <run_address>0xb5ea</run_address>
         <size>0x7</size>
         <input_file_ref idref="fl-5"/>
      </object_component>
      <object_component id="oc-431">
         <name>.text:SysCtl_resetMCD</name>
         <load_address>0xb5f1</load_address>
         <run_address>0xb5f1</run_address>
         <size>0x7</size>
         <input_file_ref idref="fl-11"/>
      </object_component>
      <object_component id="oc-131">
         <name>.text:__error__</name>
         <load_address>0xb5f8</load_address>
         <run_address>0xb5f8</run_address>
         <size>0x7</size>
         <input_file_ref idref="fl-5"/>
      </object_component>
      <object_component id="oc-82">
         <name>.text:Interrupt_clearACKGroup</name>
         <load_address>0xb5ff</load_address>
         <run_address>0xb5ff</run_address>
         <size>0x6</size>
         <input_file_ref idref="fl-2"/>
      </object_component>
      <object_component id="oc-18e">
         <name>.text:ADC_init</name>
         <load_address>0xb605</load_address>
         <run_address>0xb605</run_address>
         <size>0x3</size>
         <input_file_ref idref="fl-3"/>
      </object_component>
      <object_component id="oc-19a">
         <name>.text:GPIO_init</name>
         <load_address>0xb608</load_address>
         <run_address>0xb608</run_address>
         <size>0x3</size>
         <input_file_ref idref="fl-3"/>
      </object_component>
      <object_component id="oc-1ec">
         <name>.text</name>
         <load_address>0xb60b</load_address>
         <run_address>0xb60b</run_address>
         <size>0x2</size>
         <input_file_ref idref="fl-1f"/>
      </object_component>
      <object_component id="oc-405">
         <name>.text</name>
         <load_address>0xb60d</load_address>
         <run_address>0xb60d</run_address>
         <size>0x1</size>
         <input_file_ref idref="fl-2a"/>
      </object_component>
      <object_component id="oc-20c">
         <name>.TI.ramfunc</name>
         <load_address>0x128</load_address>
         <run_address>0x128</run_address>
         <size>0x4</size>
         <input_file_ref idref="fl-11"/>
      </object_component>
      <object_component id="oc-4c1">
         <name>.cinit..data.load</name>
         <load_address>0x12c</load_address>
         <run_address>0x12c</run_address>
         <size>0xa</size>
      </object_component>
      <object_component id="oc-4be">
         <name>__TI_handler_table</name>
         <load_address>0x136</load_address>
         <run_address>0x136</run_address>
         <size>0x6</size>
      </object_component>
      <object_component id="oc-4c0">
         <name>.cinit..bss.load</name>
         <load_address>0x13c</load_address>
         <run_address>0x13c</run_address>
         <size>0x4</size>
      </object_component>
      <object_component id="oc-4bf">
         <name>__TI_cinit_table</name>
         <load_address>0x140</load_address>
         <run_address>0x140</run_address>
         <size>0x8</size>
      </object_component>
      <object_component id="oc-21">
         <name>codestart</name>
         <load_address>0x0</load_address>
         <run_address>0x0</run_address>
         <size>0x2</size>
         <input_file_ref idref="fl-6"/>
      </object_component>
      <object_component id="oc-56">
         <name>.stack</name>
         <uninitialized>true</uninitialized>
         <run_address>0x400</run_address>
         <size>0x0</size>
         <input_file_ref idref="fl-1d"/>
      </object_component>
      <object_component id="oc-4c2">
         <name>.stack</name>
         <uninitialized>true</uninitialized>
         <run_address>0x400</run_address>
         <size>0x0</size>
      </object_component>
      <object_component id="oc-73">
         <name>.bss</name>
         <uninitialized>true</uninitialized>
         <run_address>0xb60e</run_address>
         <size>0xe</size>
         <input_file_ref idref="fl-2"/>
      </object_component>
      <object_component id="oc-391">
         <name>.const:.string</name>
         <load_address>0xb61c</load_address>
         <run_address>0xb61c</run_address>
         <size>0x114</size>
         <input_file_ref idref="fl-3"/>
      </object_component>
      <object_component id="oc-205">
         <name>.const:.string</name>
         <load_address>0xb730</load_address>
         <run_address>0xb730</run_address>
         <size>0x9a</size>
         <input_file_ref idref="fl-11"/>
      </object_component>
      <object_component id="oc-384">
         <name>.const:.string</name>
         <load_address>0xb7ca</load_address>
         <run_address>0xb7ca</run_address>
         <size>0x98</size>
         <input_file_ref idref="fl-f"/>
      </object_component>
      <object_component id="oc-130">
         <name>.const:.string</name>
         <load_address>0xb862</load_address>
         <run_address>0xb862</run_address>
         <size>0x88</size>
         <input_file_ref idref="fl-2"/>
      </object_component>
      <object_component id="oc-151">
         <name>.const:.string</name>
         <load_address>0xb8ea</load_address>
         <run_address>0xb8ea</run_address>
         <size>0x59</size>
         <input_file_ref idref="fl-5"/>
      </object_component>
      <object_component id="oc-454">
         <name>.const:.string</name>
         <load_address>0xb944</load_address>
         <run_address>0xb944</run_address>
         <size>0x4b</size>
         <input_file_ref idref="fl-d"/>
      </object_component>
      <object_component id="oc-f3">
         <name>.data</name>
         <load_address>0xb9a4</load_address>
         <run_address>0xb9a4</run_address>
         <size>0x6</size>
         <input_file_ref idref="fl-2"/>
      </object_component>
      <object_component id="oc-de">
         <name>.data:adcBuffer</name>
         <load_address>0xb990</load_address>
         <run_address>0xb990</run_address>
         <size>0x14</size>
         <input_file_ref idref="fl-2"/>
      </object_component>
      <object_component id="oc-324">
         <name>.data</name>
         <load_address>0xb9aa</load_address>
         <run_address>0xb9aa</run_address>
         <size>0x6</size>
         <input_file_ref idref="fl-24"/>
      </object_component>
      <object_component id="oc-327">
         <name>.data:_lock</name>
         <load_address>0xb9b0</load_address>
         <run_address>0xb9b0</run_address>
         <size>0x2</size>
         <input_file_ref idref="fl-25"/>
      </object_component>
      <object_component id="oc-47e">
         <name>.data:_unlock</name>
         <load_address>0xb9b2</load_address>
         <run_address>0xb9b2</run_address>
         <size>0x2</size>
         <input_file_ref idref="fl-25"/>
      </object_component>
      <object_component id="oc-d1">
         <name>.debug_types</name>
         <load_address>0x0</load_address>
         <run_address>0x0</run_address>
         <size>0x14f3</size>
         <input_file_ref idref="fl-2"/>
      </object_component>
      <object_component id="oc-fe">
         <name>.debug_types</name>
         <load_address>0x14f3</load_address>
         <run_address>0x14f3</run_address>
         <size>0x15c1</size>
         <input_file_ref idref="fl-3"/>
      </object_component>
      <object_component id="oc-16b">
         <name>.debug_types</name>
         <load_address>0x2ab4</load_address>
         <run_address>0x2ab4</run_address>
         <size>0x4b7</size>
         <input_file_ref idref="fl-5"/>
      </object_component>
      <object_component id="oc-45c">
         <name>.debug_types</name>
         <load_address>0x2f6b</load_address>
         <run_address>0x2f6b</run_address>
         <size>0x17c</size>
         <input_file_ref idref="fl-d"/>
      </object_component>
      <object_component id="oc-383">
         <name>.debug_types</name>
         <load_address>0x30e7</load_address>
         <run_address>0x30e7</run_address>
         <size>0x24d</size>
         <input_file_ref idref="fl-f"/>
      </object_component>
      <object_component id="oc-100">
         <name>.debug_types</name>
         <load_address>0x0</load_address>
         <run_address>0x0</run_address>
         <size>0x0</size>
         <input_file_ref idref="fl-10"/>
      </object_component>
      <object_component id="oc-220">
         <name>.debug_types</name>
         <load_address>0x3334</load_address>
         <run_address>0x3334</run_address>
         <size>0x716</size>
         <input_file_ref idref="fl-11"/>
      </object_component>
      <object_component id="oc-2f1">
         <name>.debug_types</name>
         <load_address>0x0</load_address>
         <run_address>0x0</run_address>
         <size>0x0</size>
         <input_file_ref idref="fl-1f"/>
      </object_component>
      <object_component id="oc-40c">
         <name>.debug_types</name>
         <load_address>0x3a4a</load_address>
         <run_address>0x3a4a</run_address>
         <size>0x49b</size>
         <input_file_ref idref="fl-20"/>
      </object_component>
      <object_component id="oc-10d">
         <name>.debug_types</name>
         <load_address>0x3ee5</load_address>
         <run_address>0x3ee5</run_address>
         <size>0x1f3</size>
         <input_file_ref idref="fl-21"/>
      </object_component>
      <object_component id="oc-60">
         <name>.debug_types</name>
         <load_address>0x0</load_address>
         <run_address>0x0</run_address>
         <size>0x0</size>
         <input_file_ref idref="fl-22"/>
      </object_component>
      <object_component id="oc-58">
         <name>.debug_types</name>
         <load_address>0x40d8</load_address>
         <run_address>0x40d8</run_address>
         <size>0x191</size>
         <input_file_ref idref="fl-23"/>
      </object_component>
      <object_component id="oc-32b">
         <name>.debug_types</name>
         <load_address>0x4269</load_address>
         <run_address>0x4269</run_address>
         <size>0xbf</size>
         <input_file_ref idref="fl-24"/>
      </object_component>
      <object_component id="oc-427">
         <name>.debug_types</name>
         <load_address>0x4328</load_address>
         <run_address>0x4328</run_address>
         <size>0x2f</size>
         <input_file_ref idref="fl-25"/>
      </object_component>
      <object_component id="oc-323">
         <name>.debug_types</name>
         <load_address>0x4357</load_address>
         <run_address>0x4357</run_address>
         <size>0xe1</size>
         <input_file_ref idref="fl-26"/>
      </object_component>
      <object_component id="oc-108">
         <name>.debug_types</name>
         <load_address>0x4438</load_address>
         <run_address>0x4438</run_address>
         <size>0xb8</size>
         <input_file_ref idref="fl-29"/>
      </object_component>
      <object_component id="oc-478">
         <name>.debug_types</name>
         <load_address>0x0</load_address>
         <run_address>0x0</run_address>
         <size>0x0</size>
         <input_file_ref idref="fl-2a"/>
      </object_component>
      <object_component id="oc-f4">
         <name>.debug_info</name>
         <load_address>0x0</load_address>
         <run_address>0x0</run_address>
         <size>0x126</size>
         <input_file_ref idref="fl-2"/>
      </object_component>
      <object_component id="oc-74">
         <name>.debug_info</name>
         <load_address>0x126</load_address>
         <run_address>0x126</run_address>
         <size>0x194</size>
         <input_file_ref idref="fl-2"/>
      </object_component>
      <object_component id="oc-df">
         <name>.debug_info</name>
         <load_address>0x2ba</load_address>
         <run_address>0x2ba</run_address>
         <size>0xee</size>
         <input_file_ref idref="fl-2"/>
      </object_component>
      <object_component id="oc-1d3">
         <name>.debug_info</name>
         <load_address>0x3a8</load_address>
         <run_address>0x3a8</run_address>
         <size>0x177</size>
         <input_file_ref idref="fl-2"/>
      </object_component>
      <object_component id="oc-e2">
         <name>.debug_info</name>
         <load_address>0x51f</load_address>
         <run_address>0x51f</run_address>
         <size>0x1d0</size>
         <input_file_ref idref="fl-2"/>
      </object_component>
      <object_component id="oc-e8">
         <name>.debug_info</name>
         <load_address>0x6ef</load_address>
         <run_address>0x6ef</run_address>
         <size>0x1e4</size>
         <input_file_ref idref="fl-2"/>
      </object_component>
      <object_component id="oc-ee">
         <name>.debug_info</name>
         <load_address>0x8d3</load_address>
         <run_address>0x8d3</run_address>
         <size>0x1e0</size>
         <input_file_ref idref="fl-2"/>
      </object_component>
      <object_component id="oc-d4">
         <name>.debug_info</name>
         <load_address>0xab3</load_address>
         <run_address>0xab3</run_address>
         <size>0x1bb</size>
         <input_file_ref idref="fl-2"/>
      </object_component>
      <object_component id="oc-9b">
         <name>.debug_info</name>
         <load_address>0xc6e</load_address>
         <run_address>0xc6e</run_address>
         <size>0x1cb</size>
         <input_file_ref idref="fl-2"/>
      </object_component>
      <object_component id="oc-83">
         <name>.debug_info</name>
         <load_address>0xe39</load_address>
         <run_address>0xe39</run_address>
         <size>0x187</size>
         <input_file_ref idref="fl-2"/>
      </object_component>
      <object_component id="oc-c1">
         <name>.debug_info</name>
         <load_address>0xfc0</load_address>
         <run_address>0xfc0</run_address>
         <size>0x1b8</size>
         <input_file_ref idref="fl-2"/>
      </object_component>
      <object_component id="oc-a1">
         <name>.debug_info</name>
         <load_address>0x1178</load_address>
         <run_address>0x1178</run_address>
         <size>0x1ba</size>
         <input_file_ref idref="fl-2"/>
      </object_component>
      <object_component id="oc-12b">
         <name>.debug_info</name>
         <load_address>0x1332</load_address>
         <run_address>0x1332</run_address>
         <size>0x17a</size>
         <input_file_ref idref="fl-2"/>
      </object_component>
      <object_component id="oc-1bd">
         <name>.debug_info</name>
         <load_address>0x14ac</load_address>
         <run_address>0x14ac</run_address>
         <size>0x20b</size>
         <input_file_ref idref="fl-2"/>
      </object_component>
      <object_component id="oc-cd">
         <name>.debug_info</name>
         <load_address>0x16b7</load_address>
         <run_address>0x16b7</run_address>
         <size>0x1dc</size>
         <input_file_ref idref="fl-2"/>
      </object_component>
      <object_component id="oc-1b7">
         <name>.debug_info</name>
         <load_address>0x1893</load_address>
         <run_address>0x1893</run_address>
         <size>0x1d2</size>
         <input_file_ref idref="fl-2"/>
      </object_component>
      <object_component id="oc-124">
         <name>.debug_info</name>
         <load_address>0x1a65</load_address>
         <run_address>0x1a65</run_address>
         <size>0x220</size>
         <input_file_ref idref="fl-2"/>
      </object_component>
      <object_component id="oc-11f">
         <name>.debug_info</name>
         <load_address>0x1c85</load_address>
         <run_address>0x1c85</run_address>
         <size>0x213</size>
         <input_file_ref idref="fl-2"/>
      </object_component>
      <object_component id="oc-7e">
         <name>.debug_info</name>
         <load_address>0x1e98</load_address>
         <run_address>0x1e98</run_address>
         <size>0x1bd</size>
         <input_file_ref idref="fl-2"/>
      </object_component>
      <object_component id="oc-c6">
         <name>.debug_info</name>
         <load_address>0x2055</load_address>
         <run_address>0x2055</run_address>
         <size>0x1ce</size>
         <input_file_ref idref="fl-2"/>
      </object_component>
      <object_component id="oc-1a4">
         <name>.debug_info</name>
         <load_address>0x2223</load_address>
         <run_address>0x2223</run_address>
         <size>0x1d0</size>
         <input_file_ref idref="fl-2"/>
      </object_component>
      <object_component id="oc-1aa">
         <name>.debug_info</name>
         <load_address>0x23f3</load_address>
         <run_address>0x23f3</run_address>
         <size>0x212</size>
         <input_file_ref idref="fl-2"/>
      </object_component>
      <object_component id="oc-1af">
         <name>.debug_info</name>
         <load_address>0x2605</load_address>
         <run_address>0x2605</run_address>
         <size>0x224</size>
         <input_file_ref idref="fl-2"/>
      </object_component>
      <object_component id="oc-28">
         <name>.debug_info</name>
         <load_address>0x2829</load_address>
         <run_address>0x2829</run_address>
         <size>0x24d</size>
         <input_file_ref idref="fl-2"/>
      </object_component>
      <object_component id="oc-b4">
         <name>.debug_info</name>
         <load_address>0x2a76</load_address>
         <run_address>0x2a76</run_address>
         <size>0x1ed</size>
         <input_file_ref idref="fl-2"/>
      </object_component>
      <object_component id="oc-2d">
         <name>.debug_info</name>
         <load_address>0x2c63</load_address>
         <run_address>0x2c63</run_address>
         <size>0x16b</size>
         <input_file_ref idref="fl-2"/>
      </object_component>
      <object_component id="oc-34">
         <name>.debug_info</name>
         <load_address>0x2dce</load_address>
         <run_address>0x2dce</run_address>
         <size>0x1f1</size>
         <input_file_ref idref="fl-2"/>
      </object_component>
      <object_component id="oc-ad">
         <name>.debug_info</name>
         <load_address>0x2fbf</load_address>
         <run_address>0x2fbf</run_address>
         <size>0x114</size>
         <input_file_ref idref="fl-2"/>
      </object_component>
      <object_component id="oc-78">
         <name>.debug_info</name>
         <load_address>0x30d3</load_address>
         <run_address>0x30d3</run_address>
         <size>0x187</size>
         <input_file_ref idref="fl-2"/>
      </object_component>
      <object_component id="oc-45f">
         <name>.debug_info</name>
         <load_address>0x325a</load_address>
         <run_address>0x325a</run_address>
         <size>0x16f</size>
         <input_file_ref idref="fl-3"/>
      </object_component>
      <object_component id="oc-39c">
         <name>.debug_info</name>
         <load_address>0x33c9</load_address>
         <run_address>0x33c9</run_address>
         <size>0x1bc</size>
         <input_file_ref idref="fl-3"/>
      </object_component>
      <object_component id="oc-3ba">
         <name>.debug_info</name>
         <load_address>0x3585</load_address>
         <run_address>0x3585</run_address>
         <size>0x23b</size>
         <input_file_ref idref="fl-3"/>
      </object_component>
      <object_component id="oc-3bf">
         <name>.debug_info</name>
         <load_address>0x37c0</load_address>
         <run_address>0x37c0</run_address>
         <size>0x208</size>
         <input_file_ref idref="fl-3"/>
      </object_component>
      <object_component id="oc-3a1">
         <name>.debug_info</name>
         <load_address>0x39c8</load_address>
         <run_address>0x39c8</run_address>
         <size>0x1ca</size>
         <input_file_ref idref="fl-3"/>
      </object_component>
      <object_component id="oc-3a7">
         <name>.debug_info</name>
         <load_address>0x3b92</load_address>
         <run_address>0x3b92</run_address>
         <size>0x193</size>
         <input_file_ref idref="fl-3"/>
      </object_component>
      <object_component id="oc-3cb">
         <name>.debug_info</name>
         <load_address>0x3d25</load_address>
         <run_address>0x3d25</run_address>
         <size>0x1c8</size>
         <input_file_ref idref="fl-3"/>
      </object_component>
      <object_component id="oc-3ae">
         <name>.debug_info</name>
         <load_address>0x3eed</load_address>
         <run_address>0x3eed</run_address>
         <size>0x195</size>
         <input_file_ref idref="fl-3"/>
      </object_component>
      <object_component id="oc-3b3">
         <name>.debug_info</name>
         <load_address>0x4082</load_address>
         <run_address>0x4082</run_address>
         <size>0x1b8</size>
         <input_file_ref idref="fl-3"/>
      </object_component>
      <object_component id="oc-3d7">
         <name>.debug_info</name>
         <load_address>0x423a</load_address>
         <run_address>0x423a</run_address>
         <size>0x1ea</size>
         <input_file_ref idref="fl-3"/>
      </object_component>
      <object_component id="oc-3c5">
         <name>.debug_info</name>
         <load_address>0x4424</load_address>
         <run_address>0x4424</run_address>
         <size>0x22c</size>
         <input_file_ref idref="fl-3"/>
      </object_component>
      <object_component id="oc-3d1">
         <name>.debug_info</name>
         <load_address>0x4650</load_address>
         <run_address>0x4650</run_address>
         <size>0x1f6</size>
         <input_file_ref idref="fl-3"/>
      </object_component>
      <object_component id="oc-259">
         <name>.debug_info</name>
         <load_address>0x4846</load_address>
         <run_address>0x4846</run_address>
         <size>0x168</size>
         <input_file_ref idref="fl-3"/>
      </object_component>
      <object_component id="oc-25f">
         <name>.debug_info</name>
         <load_address>0x49ae</load_address>
         <run_address>0x49ae</run_address>
         <size>0x1a8</size>
         <input_file_ref idref="fl-3"/>
      </object_component>
      <object_component id="oc-265">
         <name>.debug_info</name>
         <load_address>0x4b56</load_address>
         <run_address>0x4b56</run_address>
         <size>0x1a2</size>
         <input_file_ref idref="fl-3"/>
      </object_component>
      <object_component id="oc-f8">
         <name>.debug_info</name>
         <load_address>0x4cf8</load_address>
         <run_address>0x4cf8</run_address>
         <size>0x1c3</size>
         <input_file_ref idref="fl-3"/>
      </object_component>
      <object_component id="oc-24c">
         <name>.debug_info</name>
         <load_address>0x4ebb</load_address>
         <run_address>0x4ebb</run_address>
         <size>0x186</size>
         <input_file_ref idref="fl-3"/>
      </object_component>
      <object_component id="oc-252">
         <name>.debug_info</name>
         <load_address>0x5041</load_address>
         <run_address>0x5041</run_address>
         <size>0x18e</size>
         <input_file_ref idref="fl-3"/>
      </object_component>
      <object_component id="oc-3de">
         <name>.debug_info</name>
         <load_address>0x51cf</load_address>
         <run_address>0x51cf</run_address>
         <size>0x172</size>
         <input_file_ref idref="fl-3"/>
      </object_component>
      <object_component id="oc-27f">
         <name>.debug_info</name>
         <load_address>0x5341</load_address>
         <run_address>0x5341</run_address>
         <size>0x1c0</size>
         <input_file_ref idref="fl-3"/>
      </object_component>
      <object_component id="oc-273">
         <name>.debug_info</name>
         <load_address>0x5501</load_address>
         <run_address>0x5501</run_address>
         <size>0x203</size>
         <input_file_ref idref="fl-3"/>
      </object_component>
      <object_component id="oc-28b">
         <name>.debug_info</name>
         <load_address>0x5704</load_address>
         <run_address>0x5704</run_address>
         <size>0x1a3</size>
         <input_file_ref idref="fl-3"/>
      </object_component>
      <object_component id="oc-285">
         <name>.debug_info</name>
         <load_address>0x58a7</load_address>
         <run_address>0x58a7</run_address>
         <size>0x1d4</size>
         <input_file_ref idref="fl-3"/>
      </object_component>
      <object_component id="oc-291">
         <name>.debug_info</name>
         <load_address>0x5a7b</load_address>
         <run_address>0x5a7b</run_address>
         <size>0x1c0</size>
         <input_file_ref idref="fl-3"/>
      </object_component>
      <object_component id="oc-279">
         <name>.debug_info</name>
         <load_address>0x5c3b</load_address>
         <run_address>0x5c3b</run_address>
         <size>0x1ca</size>
         <input_file_ref idref="fl-3"/>
      </object_component>
      <object_component id="oc-29d">
         <name>.debug_info</name>
         <load_address>0x5e05</load_address>
         <run_address>0x5e05</run_address>
         <size>0x27b</size>
         <input_file_ref idref="fl-3"/>
      </object_component>
      <object_component id="oc-297">
         <name>.debug_info</name>
         <load_address>0x6080</load_address>
         <run_address>0x6080</run_address>
         <size>0x218</size>
         <input_file_ref idref="fl-3"/>
      </object_component>
      <object_component id="oc-2a3">
         <name>.debug_info</name>
         <load_address>0x6298</load_address>
         <run_address>0x6298</run_address>
         <size>0x244</size>
         <input_file_ref idref="fl-3"/>
      </object_component>
      <object_component id="oc-2a9">
         <name>.debug_info</name>
         <load_address>0x64dc</load_address>
         <run_address>0x64dc</run_address>
         <size>0x1ec</size>
         <input_file_ref idref="fl-3"/>
      </object_component>
      <object_component id="oc-2af">
         <name>.debug_info</name>
         <load_address>0x66c8</load_address>
         <run_address>0x66c8</run_address>
         <size>0x1cb</size>
         <input_file_ref idref="fl-3"/>
      </object_component>
      <object_component id="oc-2b5">
         <name>.debug_info</name>
         <load_address>0x6893</load_address>
         <run_address>0x6893</run_address>
         <size>0x1ee</size>
         <input_file_ref idref="fl-3"/>
      </object_component>
      <object_component id="oc-2bb">
         <name>.debug_info</name>
         <load_address>0x6a81</load_address>
         <run_address>0x6a81</run_address>
         <size>0x1cd</size>
         <input_file_ref idref="fl-3"/>
      </object_component>
      <object_component id="oc-2c1">
         <name>.debug_info</name>
         <load_address>0x6c4e</load_address>
         <run_address>0x6c4e</run_address>
         <size>0x197</size>
         <input_file_ref idref="fl-3"/>
      </object_component>
      <object_component id="oc-2c7">
         <name>.debug_info</name>
         <load_address>0x6de5</load_address>
         <run_address>0x6de5</run_address>
         <size>0x1f9</size>
         <input_file_ref idref="fl-3"/>
      </object_component>
      <object_component id="oc-2cd">
         <name>.debug_info</name>
         <load_address>0x6fde</load_address>
         <run_address>0x6fde</run_address>
         <size>0x1e1</size>
         <input_file_ref idref="fl-3"/>
      </object_component>
      <object_component id="oc-2d3">
         <name>.debug_info</name>
         <load_address>0x71bf</load_address>
         <run_address>0x71bf</run_address>
         <size>0x1c6</size>
         <input_file_ref idref="fl-3"/>
      </object_component>
      <object_component id="oc-2d9">
         <name>.debug_info</name>
         <load_address>0x7385</load_address>
         <run_address>0x7385</run_address>
         <size>0x21c</size>
         <input_file_ref idref="fl-3"/>
      </object_component>
      <object_component id="oc-470">
         <name>.debug_info</name>
         <load_address>0x75a1</load_address>
         <run_address>0x75a1</run_address>
         <size>0x16c</size>
         <input_file_ref idref="fl-3"/>
      </object_component>
      <object_component id="oc-3f6">
         <name>.debug_info</name>
         <load_address>0x770d</load_address>
         <run_address>0x770d</run_address>
         <size>0x1c5</size>
         <input_file_ref idref="fl-3"/>
      </object_component>
      <object_component id="oc-a7">
         <name>.debug_info</name>
         <load_address>0x78d2</load_address>
         <run_address>0x78d2</run_address>
         <size>0x178</size>
         <input_file_ref idref="fl-3"/>
      </object_component>
      <object_component id="oc-17d">
         <name>.debug_info</name>
         <load_address>0x7a4a</load_address>
         <run_address>0x7a4a</run_address>
         <size>0x543</size>
         <input_file_ref idref="fl-3"/>
      </object_component>
      <object_component id="oc-18f">
         <name>.debug_info</name>
         <load_address>0x7f8d</load_address>
         <run_address>0x7f8d</run_address>
         <size>0x113</size>
         <input_file_ref idref="fl-3"/>
      </object_component>
      <object_component id="oc-26c">
         <name>.debug_info</name>
         <load_address>0x80a0</load_address>
         <run_address>0x80a0</run_address>
         <size>0x24f</size>
         <input_file_ref idref="fl-3"/>
      </object_component>
      <object_component id="oc-189">
         <name>.debug_info</name>
         <load_address>0x82ef</load_address>
         <run_address>0x82ef</run_address>
         <size>0x18e</size>
         <input_file_ref idref="fl-3"/>
      </object_component>
      <object_component id="oc-195">
         <name>.debug_info</name>
         <load_address>0x847d</load_address>
         <run_address>0x847d</run_address>
         <size>0x902</size>
         <input_file_ref idref="fl-3"/>
      </object_component>
      <object_component id="oc-19b">
         <name>.debug_info</name>
         <load_address>0x8d7f</load_address>
         <run_address>0x8d7f</run_address>
         <size>0x116</size>
         <input_file_ref idref="fl-3"/>
      </object_component>
      <object_component id="oc-2e0">
         <name>.debug_info</name>
         <load_address>0x8e95</load_address>
         <run_address>0x8e95</run_address>
         <size>0x16c</size>
         <input_file_ref idref="fl-3"/>
      </object_component>
      <object_component id="oc-39">
         <name>.debug_info</name>
         <load_address>0x9001</load_address>
         <run_address>0x9001</run_address>
         <size>0x13e</size>
         <input_file_ref idref="fl-3"/>
      </object_component>
      <object_component id="oc-183">
         <name>.debug_info</name>
         <load_address>0x913f</load_address>
         <run_address>0x913f</run_address>
         <size>0x16a</size>
         <input_file_ref idref="fl-3"/>
      </object_component>
      <object_component id="oc-166">
         <name>.debug_info</name>
         <load_address>0x92a9</load_address>
         <run_address>0x92a9</run_address>
         <size>0x150</size>
         <input_file_ref idref="fl-5"/>
      </object_component>
      <object_component id="oc-159">
         <name>.debug_info</name>
         <load_address>0x93f9</load_address>
         <run_address>0x93f9</run_address>
         <size>0x154</size>
         <input_file_ref idref="fl-5"/>
      </object_component>
      <object_component id="oc-228">
         <name>.debug_info</name>
         <load_address>0x954d</load_address>
         <run_address>0x954d</run_address>
         <size>0x1b4</size>
         <input_file_ref idref="fl-5"/>
      </object_component>
      <object_component id="oc-148">
         <name>.debug_info</name>
         <load_address>0x9701</load_address>
         <run_address>0x9701</run_address>
         <size>0x188</size>
         <input_file_ref idref="fl-5"/>
      </object_component>
      <object_component id="oc-13b">
         <name>.debug_info</name>
         <load_address>0x9889</load_address>
         <run_address>0x9889</run_address>
         <size>0x15b</size>
         <input_file_ref idref="fl-5"/>
      </object_component>
      <object_component id="oc-16e">
         <name>.debug_info</name>
         <load_address>0x99e4</load_address>
         <run_address>0x99e4</run_address>
         <size>0x1b7</size>
         <input_file_ref idref="fl-5"/>
      </object_component>
      <object_component id="oc-89">
         <name>.debug_info</name>
         <load_address>0x9b9b</load_address>
         <run_address>0x9b9b</run_address>
         <size>0x1fb</size>
         <input_file_ref idref="fl-5"/>
      </object_component>
      <object_component id="oc-160">
         <name>.debug_info</name>
         <load_address>0x9d96</load_address>
         <run_address>0x9d96</run_address>
         <size>0x5f2</size>
         <input_file_ref idref="fl-5"/>
      </object_component>
      <object_component id="oc-90">
         <name>.debug_info</name>
         <load_address>0xa388</load_address>
         <run_address>0xa388</run_address>
         <size>0x169</size>
         <input_file_ref idref="fl-5"/>
      </object_component>
      <object_component id="oc-133">
         <name>.debug_info</name>
         <load_address>0xa4f1</load_address>
         <run_address>0xa4f1</run_address>
         <size>0x158</size>
         <input_file_ref idref="fl-5"/>
      </object_component>
      <object_component id="oc-22">
         <name>.debug_info</name>
         <load_address>0xa649</load_address>
         <run_address>0xa649</run_address>
         <size>0x10b</size>
         <input_file_ref idref="fl-6"/>
      </object_component>
      <object_component id="oc-6e">
         <name>.debug_info</name>
         <load_address>0xa754</load_address>
         <run_address>0xa754</run_address>
         <size>0x10c</size>
         <input_file_ref idref="fl-6"/>
      </object_component>
      <object_component id="oc-44f">
         <name>.debug_info</name>
         <load_address>0xa860</load_address>
         <run_address>0xa860</run_address>
         <size>0x1cc</size>
         <input_file_ref idref="fl-d"/>
      </object_component>
      <object_component id="oc-395">
         <name>.debug_info</name>
         <load_address>0xaa2c</load_address>
         <run_address>0xaa2c</run_address>
         <size>0x24c</size>
         <input_file_ref idref="fl-d"/>
      </object_component>
      <object_component id="oc-456">
         <name>.debug_info</name>
         <load_address>0xac78</load_address>
         <run_address>0xac78</run_address>
         <size>0x22f</size>
         <input_file_ref idref="fl-d"/>
      </object_component>
      <object_component id="oc-387">
         <name>.debug_info</name>
         <load_address>0xaea7</load_address>
         <run_address>0xaea7</run_address>
         <size>0x1ca</size>
         <input_file_ref idref="fl-f"/>
      </object_component>
      <object_component id="oc-3fc">
         <name>.debug_info</name>
         <load_address>0xb071</load_address>
         <run_address>0xb071</run_address>
         <size>0x242</size>
         <input_file_ref idref="fl-f"/>
      </object_component>
      <object_component id="oc-23f">
         <name>.debug_info</name>
         <load_address>0xb2b3</load_address>
         <run_address>0xb2b3</run_address>
         <size>0x22b</size>
         <input_file_ref idref="fl-f"/>
      </object_component>
      <object_component id="oc-245">
         <name>.debug_info</name>
         <load_address>0xb4de</load_address>
         <run_address>0xb4de</run_address>
         <size>0x273</size>
         <input_file_ref idref="fl-f"/>
      </object_component>
      <object_component id="oc-239">
         <name>.debug_info</name>
         <load_address>0xb751</load_address>
         <run_address>0xb751</run_address>
         <size>0x227</size>
         <input_file_ref idref="fl-f"/>
      </object_component>
      <object_component id="oc-233">
         <name>.debug_info</name>
         <load_address>0xb978</load_address>
         <run_address>0xb978</run_address>
         <size>0x214</size>
         <input_file_ref idref="fl-f"/>
      </object_component>
      <object_component id="oc-1c3">
         <name>.debug_info</name>
         <load_address>0xbb8c</load_address>
         <run_address>0xbb8c</run_address>
         <size>0x1c3</size>
         <input_file_ref idref="fl-10"/>
      </object_component>
      <object_component id="oc-176">
         <name>.debug_info</name>
         <load_address>0xbd4f</load_address>
         <run_address>0xbd4f</run_address>
         <size>0x1c5</size>
         <input_file_ref idref="fl-10"/>
      </object_component>
      <object_component id="oc-96">
         <name>.debug_info</name>
         <load_address>0xbf14</load_address>
         <run_address>0xbf14</run_address>
         <size>0x1d4</size>
         <input_file_ref idref="fl-10"/>
      </object_component>
      <object_component id="oc-47">
         <name>.debug_info</name>
         <load_address>0xc0e8</load_address>
         <run_address>0xc0e8</run_address>
         <size>0x1e1</size>
         <input_file_ref idref="fl-10"/>
      </object_component>
      <object_component id="oc-4c">
         <name>.debug_info</name>
         <load_address>0xc2c9</load_address>
         <run_address>0xc2c9</run_address>
         <size>0x1c7</size>
         <input_file_ref idref="fl-10"/>
      </object_component>
      <object_component id="oc-51">
         <name>.debug_info</name>
         <load_address>0xc490</load_address>
         <run_address>0xc490</run_address>
         <size>0x1ad</size>
         <input_file_ref idref="fl-10"/>
      </object_component>
      <object_component id="oc-41">
         <name>.debug_info</name>
         <load_address>0xc63d</load_address>
         <run_address>0xc63d</run_address>
         <size>0x1d1</size>
         <input_file_ref idref="fl-10"/>
      </object_component>
      <object_component id="oc-ba">
         <name>.debug_info</name>
         <load_address>0xc80e</load_address>
         <run_address>0xc80e</run_address>
         <size>0x278</size>
         <input_file_ref idref="fl-10"/>
      </object_component>
      <object_component id="oc-33c">
         <name>.debug_info</name>
         <load_address>0xca86</load_address>
         <run_address>0xca86</run_address>
         <size>0x210</size>
         <input_file_ref idref="fl-11"/>
      </object_component>
      <object_component id="oc-208">
         <name>.debug_info</name>
         <load_address>0xcc96</load_address>
         <run_address>0xcc96</run_address>
         <size>0x1d3</size>
         <input_file_ref idref="fl-11"/>
      </object_component>
      <object_component id="oc-432">
         <name>.debug_info</name>
         <load_address>0xce69</load_address>
         <run_address>0xce69</run_address>
         <size>0x1a9</size>
         <input_file_ref idref="fl-11"/>
      </object_component>
      <object_component id="oc-214">
         <name>.debug_info</name>
[...]
         <attributes>RWIX</attributes>
         <usage_details>
         </usage_details>
      </memory_area>
      <memory_area display="yes" color="green">
         <name>FLASH_BANK0_SEC3</name>
         <page_id>0x0</page_id>
         <origin>0x83000</origin>
         <length>0x1000</length>
         <used_space>0x0</used_space>
         <unused_space>0x1000</unused_space>
         <attributes>RWIX</attributes>
         <usage_details>
         </usage_details>
      </memory_area>
      <memory_area display="yes" color="green">
         <name>FLASH_BANK0_SEC4</name>
         <page_id>0x0</page_id>
         <origin>0x84000</origin>
         <length>0x1000</length>
         <used_space>0x0</used_space>
         <unused_space>0x1000</unused_space>
         <attributes>RWIX</attributes>
         <usage_details>
         </usage_details>
      </memory_area>
      <memory_area display="yes" color="green">
         <name>FLASH_BANK0_SEC5</name>
         <page_id>0x0</page_id>
         <origin>0x85000</origin>
         <length>0x1000</length>
         <used_space>0x0</used_space>
         <unused_space>0x1000</unused_space>
         <attributes>RWIX</attributes>
         <usage_details>
         </usage_details>
      </memory_area>
      <memory_area display="yes" color="green">
         <name>FLASH_BANK0_SEC6</name>
         <page_id>0x0</page_id>
         <origin>0x86000</origin>
         <length>0x1000</length>
         <used_space>0x0</used_space>
         <unused_space>0x1000</unused_space>
         <attributes>RWIX</attributes>
         <usage_details>
         </usage_details>
      </memory_area>
      <memory_area display="yes" color="green">
         <name>FLASH_BANK0_SEC7</name>
         <page_id>0x0</page_id>
         <origin>0x87000</origin>
         <length>0x1000</length>
         <used_space>0x0</used_space>
         <unused_space>0x1000</unused_space>
         <attributes>RWIX</attributes>
         <usage_details>
         </usage_details>
      </memory_area>
      <memory_area display="yes" color="green">
         <name>FLASH_BANK0_SEC8</name>
         <page_id>0x0</page_id>
         <origin>0x88000</origin>
         <length>0x1000</length>
         <used_space>0x0</used_space>
         <unused_space>0x1000</unused_space>
         <attributes>RWIX</attributes>
         <usage_details>
         </usage_details>
      </memory_area>
      <memory_area display="yes" color="green">
         <name>FLASH_BANK0_SEC9</name>
         <page_id>0x0</page_id>
         <origin>0x89000</origin>
         <length>0x1000</length>
         <used_space>0x0</used_space>
         <unused_space>0x1000</unused_space>
         <attributes>RWIX</attributes>
         <usage_details>
         </usage_details>
      </memory_area>
      <memory_area display="yes" color="green">
         <name>FLASH_BANK0_SEC10</name>
         <page_id>0x0</page_id>
         <origin>0x8a000</origin>
         <length>0x1000</length>
         <used_space>0x0</used_space>
         <unused_space>0x1000</unused_space>
         <attributes>RWIX</attributes>
         <usage_details>
         </usage_details>
      </memory_area>
      <memory_area display="yes" color="green">
         <name>FLASH_BANK0_SEC11</name>
         <page_id>0x0</page_id>
         <origin>0x8b000</origin>
         <length>0x1000</length>
         <used_space>0x0</used_space>
         <unused_space>0x1000</unused_space>
         <attributes>RWIX</attributes>
         <usage_details>
         </usage_details>
      </memory_area>
      <memory_area display="yes" color="green">
         <name>FLASH_BANK0_SEC12</name>
         <page_id>0x0</page_id>
         <origin>0x8c000</origin>
         <length>0x1000</length>
         <used_space>0x0</used_space>
         <unused_space>0x1000</unused_space>
         <attributes>RWIX</attributes>
         <usage_details>
         </usage_details>
      </memory_area>
      <memory_area display="yes" color="green">
         <name>FLASH_BANK0_SEC13</name>
         <page_id>0x0</page_id>
         <origin>0x8d000</origin>
         <length>0x1000</length>
         <used_space>0x0</used_space>
         <unused_space>0x1000</unused_space>
         <attributes>RWIX</attributes>
         <usage_details>
         </usage_details>
      </memory_area>
      <memory_area display="yes" color="green">
         <name>FLASH_BANK0_SEC14</name>
         <page_id>0x0</page_id>
         <origin>0x8e000</origin>
         <length>0x1000</length>
         <used_space>0x0</used_space>
         <unused_space>0x1000</unused_space>
         <attributes>RWIX</attributes>
         <usage_details>
         </usage_details>
      </memory_area>
      <memory_area display="yes" color="green">
         <name>FLASH_BANK0_SEC15</name>
         <page_id>0x0</page_id>
         <origin>0x8f000</origin>
         <length>0xff8</length>
         <used_space>0x0</used_space>
         <unused_space>0xff8</unused_space>
         <attributes>RWIX</attributes>
         <usage_details>
         </usage_details>
      </memory_area>
      <memory_area display="yes" color="green">
         <name>BOOTROM</name>
         <page_id>0x0</page_id>
         <origin>0x3f0000</origin>
         <length>0x8000</length>
         <used_space>0x0</used_space>
         <unused_space>0x8000</unused_space>
         <attributes>RWIX</attributes>
         <usage_details>
         </usage_details>
      </memory_area>
      <memory_area display="yes" color="green">
         <name>BOOTROM_EXT</name>
         <page_id>0x0</page_id>
         <origin>0x3f8000</origin>
         <length>0x7fc0</length>
         <used_space>0x0</used_space>
         <unused_space>0x7fc0</unused_space>
         <attributes>RWIX</attributes>
         <usage_details>
         </usage_details>
      </memory_area>
      <memory_area display="no" color="green">
         <name>RESET</name>
         <page_id>0x0</page_id>
         <origin>0x3fffc0</origin>
         <length>0x2</length>
         <used_space>0x0</used_space>
         <unused_space>0x2</unused_space>
         <attributes>RWIX</attributes>
         <usage_details>
         </usage_details>
      </memory_area>
   </placement_map>
   <cptbl_list>
      <cptbl>
         <name>__TI_cinit_table</name>
         <cprec>
            <name>.data</name>
            <load_address>0x12c</load_address>
            <load_size>0xa</load_size>
            <run_address>0xb990</run_address>
            <run_size>0x24</run_size>
            <compression>lzss</compression>
         </cprec>
         <cprec>
            <name>.bss</name>
            <load_address>0x13c</load_address>
            <load_size>0x4</load_size>
            <run_address>0xb60e</run_address>
            <run_size>0xe</run_size>
            <compression>zero_init</compression>
         </cprec>
      </cptbl>
   </cptbl_list>
   <handler_table>
      <handler_table_name>__TI_handler_table</handler_table_name>
      <handler>
         <index>0x0</index>
         <name>__TI_zero_init</name>
      </handler>
      <handler>
         <index>0x1</index>
         <name>__TI_decompress_lzss</name>
      </handler>
      <handler>
         <index>0x2</index>
         <name>__TI_decompress_none</name>
      </handler>
   </handler_table>
   <symbol_table>
      <symbol id="sm-1">
         <name>__TI_CINIT_Base</name>
         <value>0x140</value>
      </symbol>
      <symbol id="sm-2">
         <name>__TI_CINIT_Limit</name>
         <value>0x148</value>
      </symbol>
      <symbol id="sm-3">
         <name>__TI_CINIT_Warm</name>
         <value>0x148</value>
      </symbol>
      <symbol id="sm-4">
         <name>__TI_Handler_Table_Base</name>
         <value>0x136</value>
      </symbol>
      <symbol id="sm-5">
         <name>__TI_Handler_Table_Limit</name>
         <value>0x13c</value>
      </symbol>
      <symbol id="sm-6">
         <name>__TI_STACK_SIZE</name>
         <value>0x200</value>
      </symbol>
      <symbol id="sm-7">
         <name>__TI_STACK_END</name>
         <value>0x600</value>
      </symbol>
      <symbol id="sm-8">
         <name>__TI_pprof_out_hndl</name>
         <value>0xffffffff</value>
      </symbol>
      <symbol id="sm-9">
         <name>__TI_prof_data_start</name>
         <value>0xffffffff</value>
      </symbol>
      <symbol id="sm-a">
         <name>__TI_prof_data_size</name>
         <value>0xffffffff</value>
      </symbol>
      <symbol id="sm-13a">
         <name>erro</name>
         <value>0xb9a6</value>
         <object_component_ref idref="oc-f3"/>
      </symbol>
      <symbol id="sm-13b">
         <name>Vbus</name>
         <value>0xb60f</value>
         <object_component_ref idref="oc-73"/>
      </symbol>
      <symbol id="sm-13c">
         <name>adcA1ISR</name>
         <value>0xa45c</value>
         <object_component_ref idref="oc-32"/>
      </symbol>
      <symbol id="sm-13d">
         <name>initEPWM2</name>
         <value>0xada9</value>
         <object_component_ref idref="oc-b2"/>
      </symbol>
      <symbol id="sm-13e">
         <name>initEPWM1</name>
         <value>0xb521</value>
         <object_component_ref idref="oc-ac"/>
      </symbol>
      <symbol id="sm-13f">
         <name>updateCompare</name>
         <value>0xaac9</value>
         <object_component_ref idref="oc-76"/>
      </symbol>
      <symbol id="sm-140">
         <name>erro1</name>
         <value>0xb9a8</value>
         <object_component_ref idref="oc-f3"/>
      </symbol>
      <symbol id="sm-141">
         <name>adcAResult0</name>
         <value>0xb610</value>
         <object_component_ref idref="oc-73"/>
      </symbol>
      <symbol id="sm-142">
         <name>i</name>
         <value>0xb611</value>
         <object_component_ref idref="oc-73"/>
      </symbol>
      <symbol id="sm-143">
         <name>main</name>
         <value>0xac8b</value>
         <object_component_ref idref="oc-27"/>
      </symbol>
      <symbol id="sm-144">
         <name>epwm1ISR</name>
         <value>0xac55</value>
         <object_component_ref idref="oc-26"/>
      </symbol>
      <symbol id="sm-145">
         <name>epwm1Info</name>
         <value>0xb614</value>
         <object_component_ref idref="oc-73"/>
      </symbol>
      <symbol id="sm-146">
         <name>voltage</name>
         <value>0xb612</value>
         <object_component_ref idref="oc-73"/>
      </symbol>
      <symbol id="sm-147">
         <name>compAValue</name>
         <value>0xb60e</value>
         <object_component_ref idref="oc-73"/>
      </symbol>
      <symbol id="sm-311">
         <name>INTERRUPT_init</name>
         <value>0xb53d</value>
         <object_component_ref idref="oc-38"/>
      </symbol>
      <symbol id="sm-312">
         <name>PinMux_init</name>
         <value>0xa38d</value>
         <object_component_ref idref="oc-17c"/>
      </symbol>
      <symbol id="sm-313">
         <name>Board_init</name>
         <value>0xb4d1</value>
         <object_component_ref idref="oc-a6"/>
      </symbol>
      <symbol id="sm-314">
         <name>GPIO0_init</name>
         <value>0xb321</value>
         <object_component_ref idref="oc-2df"/>
      </symbol>
      <symbol id="sm-315">
         <name>GPIO_init</name>
         <value>0xb608</value>
         <object_component_ref idref="oc-19a"/>
      </symbol>
      <symbol id="sm-316">
         <name>ADC_init</name>
         <value>0xb605</value>
         <object_component_ref idref="oc-18e"/>
      </symbol>
      <symbol id="sm-317">
         <name>myADC0_init</name>
         <value>0xa821</value>
         <object_component_ref idref="oc-26b"/>
      </symbol>
      <symbol id="sm-318">
         <name>SYNC_init</name>
         <value>0xb5c0</value>
         <object_component_ref idref="oc-182"/>
      </symbol>
      <symbol id="sm-319">
         <name>EPWM_init</name>
         <value>0xa000</value>
         <object_component_ref idref="oc-194"/>
      </symbol>
      <symbol id="sm-31a">
         <name>ASYSCTL_init</name>
         <value>0xb530</value>
         <object_component_ref idref="oc-188"/>
      </symbol>
      <symbol id="sm-372">
         <name>Device_enableAllPeripherals</name>
         <value>0xa515</value>
         <object_component_ref idref="oc-15e"/>
      </symbol>
      <symbol id="sm-373">
         <name>Device_initGPIO</name>
         <value>0xb4f3</value>
         <object_component_ref idref="oc-8e"/>
      </symbol>
      <symbol id="sm-374">
         <name>Device_init</name>
         <value>0xac1f</value>
         <object_component_ref idref="oc-88"/>
      </symbol>
      <symbol id="sm-375">
         <name>__error__</name>
         <value>0xb5f8</value>
         <object_component_ref idref="oc-131"/>
      </symbol>
      <symbol id="sm-384">
         <name>code_start</name>
         <value>0x0</value>
         <object_component_ref idref="oc-21"/>
      </symbol>
      <symbol id="sm-3ab">
         <name>ADC_setOffsetTrimAll</name>
         <value>0xaf89</value>
         <object_component_ref idref="oc-455"/>
      </symbol>
      <symbol id="sm-3ac">
         <name>ADC_setVREF</name>
         <value>0xae24</value>
         <object_component_ref idref="oc-394"/>
      </symbol>
      <symbol id="sm-3f3">
         <name>GPIO_setQualificationMode</name>
         <value>0xabb1</value>
         <object_component_ref idref="oc-244"/>
      </symbol>
      <symbol id="sm-3f4">
         <name>GPIO_setPadConfig</name>
         <value>0xa784</value>
         <object_component_ref idref="oc-23e"/>
      </symbol>
      <symbol id="sm-3f5">
         <name>GPIO_setAnalogMode</name>
         <value>0xa8f9</value>
         <object_component_ref idref="oc-238"/>
      </symbol>
      <symbol id="sm-3f6">
         <name>GPIO_setDirectionMode</name>
         <value>0xacc0</value>
         <object_component_ref idref="oc-3fb"/>
      </symbol>
      <symbol id="sm-3f7">
         <name>GPIO_setPinConfig</name>
         <value>0xab7a</value>
         <object_component_ref idref="oc-232"/>
      </symbol>
      <symbol id="sm-446">
         <name>Interrupt_defaultHandler</name>
         <value>0xb2a2</value>
         <object_component_ref idref="oc-3e"/>
      </symbol>
      <symbol id="sm-447">
         <name>Interrupt_initModule</name>
         <value>0xaa8c</value>
         <object_component_ref idref="oc-94"/>
      </symbol>
      <symbol id="sm-448">
         <name>Interrupt_nmiHandler</name>
         <value>0xb5b6</value>
         <object_component_ref idref="oc-50"/>
      </symbol>
      <symbol id="sm-449">
         <name>Interrupt_enable</name>
         <value>0xabe8</value>
         <object_component_ref idref="oc-b8"/>
      </symbol>
      <symbol id="sm-44a">
         <name>Interrupt_initVectorTable</name>
         <value>0xb041</value>
         <object_component_ref idref="oc-40"/>
      </symbol>
      <symbol id="sm-44b">
         <name>Interrupt_illegalOperationHandler</name>
         <value>0xb5ac</value>
         <object_component_ref idref="oc-4a"/>
      </symbol>
      <symbol id="sm-55d">
         <name>SysCtl_isPLLValid</name>
         <value>0xa28f</value>
         <object_component_ref idref="oc-219"/>
      </symbol>
      <symbol id="sm-55e">
         <name>SysCtl_delay</name>
         <value>0x128</value>
         <object_component_ref idref="oc-20c"/>
      </symbol>
      <symbol id="sm-55f">
         <name>SysCtl_selectXTALSingleEnded</name>
         <value>0xae99</value>
         <object_component_ref idref="oc-333"/>
      </symbol>
      <symbol id="sm-560">
         <name>SysCtl_selectXTAL</name>
         <value>0xa93f</value>
         <object_component_ref idref="oc-32d"/>
      </symbol>
      <symbol id="sm-561">
         <name>SysCtl_selectOscSource</name>
         <value>0xa86c</value>
         <object_component_ref idref="oc-20d"/>
      </symbol>
      <symbol id="sm-562">
         <name>SysCtl_getLowSpeedClock</name>
         <value>0xb15b</value>
         <object_component_ref idref="oc-152"/>
      </symbol>
      <symbol id="sm-563">
         <name>SysCtl_setClock</name>
         <value>0xa16c</value>
         <object_component_ref idref="oc-13f"/>
      </symbol>
      <symbol id="sm-564">
         <name>SysCtl_getClock</name>
         <value>0xa71f</value>
         <object_component_ref idref="oc-14b"/>
      </symbol>
      <symbol id="sm-56e">
         <name>_c_int00</name>
         <value>0xb233</value>
         <object_component_ref idref="oc-115"/>
      </symbol>
      <symbol id="sm-56f">
         <name>__stack</name>
         <value>0x400</value>
         <object_component_ref idref="oc-56"/>
      </symbol>
      <symbol id="sm-57c">
         <name>__c28xabi_divf</name>
         <value>0xa5af</value>
         <object_component_ref idref="oc-d9"/>
      </symbol>
      <symbol id="sm-589">
         <name>_system_pre_init</name>
         <value>0xb60b</value>
         <object_component_ref idref="oc-1ec"/>
      </symbol>
      <symbol id="sm-598">
         <name>__TI_auto_init_nobinit_nopinit</name>
         <value>0xad7e</value>
         <object_component_ref idref="oc-2f2"/>
      </symbol>
      <symbol id="sm-5a7">
         <name>__TI_zero_init_nomemset</name>
         <value>0xb571</value>
         <object_component_ref idref="oc-61"/>
      </symbol>
      <symbol id="sm-5b4">
         <name>__TI_decompress_none</name>
         <value>0xb5d3</value>
         <object_component_ref idref="oc-1a"/>
      </symbol>
      <symbol id="sm-5c8">
         <name>__TI_decompress_lzss</name>
         <value>0xacf1</value>
         <object_component_ref idref="oc-14"/>
      </symbol>
      <symbol id="sm-5de">
         <name>C$$EXIT</name>
         <value>0xadd3</value>
         <object_component_ref idref="oc-1f9"/>
      </symbol>
      <symbol id="sm-5df">
         <name>abort</name>
         <value>0xadd3</value>
         <object_component_ref idref="oc-1f9"/>
      </symbol>
      <symbol id="sm-5e0">
         <name>exit</name>
         <value>0xadd5</value>
         <object_component_ref idref="oc-1f9"/>
      </symbol>
      <symbol id="sm-5e1">
         <name>__TI_dtors_ptr</name>
         <value>0xb9ae</value>
         <object_component_ref idref="oc-324"/>
      </symbol>
      <symbol id="sm-5e2">
         <name>__TI_cleanup_ptr</name>
         <value>0xb9ac</value>
         <object_component_ref idref="oc-324"/>
      </symbol>
      <symbol id="sm-5e3">
         <name>__TI_enable_exit_profile_output</name>
         <value>0xb9aa</value>
         <object_component_ref idref="oc-324"/>
      </symbol>
      <symbol id="sm-5fa">
         <name>_nop</name>
         <value>0xb5d2</value>
         <object_component_ref idref="oc-41f"/>
      </symbol>
      <symbol id="sm-5fb">
         <name>_lock</name>
         <value>0xb9b0</value>
         <object_component_ref idref="oc-327"/>
      </symbol>
      <symbol id="sm-5fc">
         <name>_unlock</name>
         <value>0xb9b2</value>
         <object_component_ref idref="oc-47e"/>
      </symbol>
      <symbol id="sm-5fd">
         <name>_register_lock</name>
         <value>0xb5ce</value>
         <object_component_ref idref="oc-41f"/>
      </symbol>
      <symbol id="sm-5fe">
         <name>_register_unlock</name>
         <value>0xb5ca</value>
         <object_component_ref idref="oc-41f"/>
      </symbol>
      <symbol id="sm-60d">
         <name>_args_main</name>
         <value>0xb58a</value>
         <object_component_ref idref="oc-1f3"/>
      </symbol>
      <symbol id="sm-621">
         <name>memcpy</name>
         <value>0xb07c</value>
         <object_component_ref idref="oc-59"/>
      </symbol>
      <symbol id="sm-62e">
         <name>_system_post_cinit</name>
         <value>0xb60d</value>
         <object_component_ref idref="oc-405"/>
      </symbol>
      <symbol id="sm-630">
         <name>__c_args__</name>
         <value>0x0</value>
      </symbol>
   </symbol_table>
   <title>Link successful</title>
</link_info>
