******************************************************************************
             TMS320C2000 Linker PC v22.6.1                     
******************************************************************************
>> Linked Sat Feb  1 15:53:19 2025

OUTPUT FILE NAME:   <epwm_ex2_updown_aq.out>
ENTRY POINT SYMBOL: "code_start"  address: 00000000


MEMORY CONFIGURATION

         name            origin    length      used     unused   attr    fill
----------------------  --------  ---------  --------  --------  ----  --------
  BEGIN                 00000000   00000002  00000002  00000000  RWIX
  BOOT_RSVD             00000002   00000126  00000000  00000126  RWIX
  RAMM0                 00000128   000002d8  0000001e  000002ba  RWIX
  RAMM1                 00000400   000003f8  00000200  000001f8  RWIX
  RAMLS4567             0000a000   00002000  00001220  00000de0  RWIX
  RAMGS0                0000c000   000007f8  00000000  000007f8  RWIX
  FLASH_BANK0_SEC0      00080002   00000ffe  00000000  00000ffe  RWIX
  FLASH_BANK0_SEC1      00081000   00001000  00000000  00001000  RWIX
  FLASH_BANK0_SEC2      00082000   00001000  00000000  00001000  RWIX
  FLASH_BANK0_SEC3      00083000   00001000  00000000  00001000  RWIX
  FLASH_BANK0_SEC4      00084000   00001000  00000000  00001000  RWIX
  FLASH_BANK0_SEC5      00085000   00001000  00000000  00001000  RWIX
  FLASH_BANK0_SEC6      00086000   00001000  00000000  00001000  RWIX
  FLASH_BANK0_SEC7      00087000   00001000  00000000  00001000  RWIX
  FLASH_BANK0_SEC8      00088000   00001000  00000000  00001000  RWIX
  FLASH_BANK0_SEC9      00089000   00001000  00000000  00001000  RWIX
  FLASH_BANK0_SEC10     0008a000   00001000  00000000  00001000  RWIX
  FLASH_BANK0_SEC11     0008b000   00001000  00000000  00001000  RWIX
  FLASH_BANK0_SEC12     0008c000   00001000  00000000  00001000  RWIX
  FLASH_BANK0_SEC13     0008d000   00001000  00000000  00001000  RWIX
  FLASH_BANK0_SEC14     0008e000   00001000  00000000  00001000  RWIX
  FLASH_BANK0_SEC15     0008f000   00000ff8  00000000  00000ff8  RWIX
  BOOTROM               003f0000   00008000  00000000  00008000  RWIX
  BOOTROM_EXT           003f8000   00007fc0  00000000  00007fc0  RWIX
  RESET                 003fffc0   00000002  00000000  00000002  RWIX


SECTION ALLOCATION MAP

 output                                  attributes/
section   page    origin      length       input sections
--------  ----  ----------  ----------   ----------------
.TI.ramfunc 
*          0    00000128    00000004     
                  00000128    00000004     driverlib.lib : sysctl.obj (.TI.ramfunc)

.cinit     0    0000012c    0000001a     
                  0000012c    00000008     (.cinit..data.load) [load image, compression = lzss]
                  00000134    00000006     (__TI_handler_table)
                  0000013a    00000004     (.cinit..bss.load) [load image, compression = zero_init]
                  0000013e    00000008     (__TI_cinit_table)

.text      0    0000a000    00000f71     
                  0000a000    00000123     driverlib.lib : sysctl.obj (.text:SysCtl_setClock)
                  0000a123    000000fe                   : sysctl.obj (.text:SysCtl_isPLLValid)
                  0000a221    000000ba     board.obj (.text:EPWM_init)
                  0000a2db    0000009a     device.obj (.text:Device_enableAllPeripherals)
                  0000a375    00000088     rts2800_fpu32_eabi.lib : fs_div28.asm.obj (.text)
                  0000a3fd    00000073     driverlib.lib : sysctl.obj (.text:DCC_setCounterSeeds)
                  0000a470    00000065                   : sysctl.obj (.text:SysCtl_getClock)
                  0000a4d5    0000005a     epwm_ex2_updown_aq.obj (.text:updateCompare)
                  0000a52f    00000052     driverlib.lib : gpio.obj (.text:GPIO_setPadConfig)
                  0000a581    0000004b     board.obj (.text:EPWM_setInterruptSource)
                  0000a5cc    00000047     driverlib.lib : sysctl.obj (.text:SysCtl_selectOscSource)
                  0000a613    00000046                   : sysctl.obj (.text:SysCtl_selectXTAL)
                  0000a659    00000045                   : sysctl.obj (.text:SysCtl_pollX1Counter)
                  0000a69e    00000044     board.obj (.text:GPIO_writePin)
                  0000a6e2    00000044     epwm_ex2_updown_aq.obj (.text:GPIO_writePin)
                  0000a726    00000040     board.obj (.text:EPWM_setActionQualifierAction)
                  0000a766    0000003e     board.obj (.text:EPWM_setCounterCompareShadowLoadMode)
                  0000a7a4    0000003d     driverlib.lib : interrupt.obj (.text:Interrupt_initModule)
                  0000a7e1    00000037                   : gpio.obj (.text:GPIO_setPinConfig)
                  0000a818    00000037                   : gpio.obj (.text:GPIO_setQualificationMode)
                  0000a84f    00000037                   : interrupt.obj (.text:Interrupt_enable)
                  0000a886    00000036     device.obj (.text:Device_init)
                  0000a8bc    00000036     epwm_ex2_updown_aq.obj (.text:epwm1ISR)
                  0000a8f2    00000031     driverlib.lib : gpio.obj (.text:GPIO_setDirectionMode)
                  0000a923    00000030     rts2800_fpu32_eabi.lib : copy_decompress_lzss.c.obj (.text:decompress:lzss)
                  0000a953    0000002b                            : autoinit.c.obj (.text:__TI_auto_init_nobinit_nopinit)
                  0000a97e    00000029                            : exit.c.obj (.text)
                  0000a9a7    00000028     board.obj (.text:EPWM_setInterruptEventCount)
                  0000a9cf    00000027     board.obj (.text:EPWM_isBaseValid)
                  0000a9f6    00000027     epwm_ex2_updown_aq.obj (.text:EPWM_isBaseValid)
                  0000aa1d    00000025     driverlib.lib : sysctl.obj (.text:SysCtl_selectXTALSingleEnded)
                  0000aa42    00000024                   : sysctl.obj (.text:DCC_enableSingleShotMode)
                  0000aa66    00000024     epwm_ex2_updown_aq.obj (.text:main)
                  0000aa8a    00000023     board.obj (.text:PinMux_init)
                  0000aaad    00000022     epwm_ex2_updown_aq.obj (.text:EPWM_getCounterCompareValue)
                  0000aacf    00000022     board.obj (.text:EPWM_setCounterCompareValue)
                  0000aaf1    00000022     epwm_ex2_updown_aq.obj (.text:EPWM_setCounterCompareValue)
                  0000ab13    0000001f     board.obj (.text:EPWM_setFallingEdgeDelayCountShadowLoadMode)
                  0000ab32    0000001f     board.obj (.text:EPWM_setRisingEdgeDelayCountShadowLoadMode)
                  0000ab51    0000001e     driverlib.lib : sysctl.obj (.text:DCC_setCounter0ClkSource)
                  0000ab6f    0000001e                   : sysctl.obj (.text:DCC_setCounter1ClkSource)
                  0000ab8d    0000001e     board.obj (.text:EPWM_setPhaseShift)
                  0000abab    0000001e     driverlib.lib : interrupt.obj (.text:Interrupt_initVectorTable)
                  0000abc9    0000001d     rts2800_fpu32_eabi.lib : memcpy.c.obj (.text)
                  0000abe6    0000001c     board.obj (.text:EPWM_setClockPrescaler)
                  0000ac02    0000001a     driverlib.lib : sysctl.obj (.text:SysCtl_getLowSpeedClock)
                  0000ac1c    00000019                   : sysctl.obj (.text:SysCtl_setPLLSysClk)
                  0000ac35    00000018     board.obj (.text:EPWM_disableFallingEdgeDelayCountShadowLoadMode)
                  0000ac4d    00000018     board.obj (.text:EPWM_disableRisingEdgeDelayCountShadowLoadMode)
                  0000ac65    00000018     epwm_ex2_updown_aq.obj (.text:SysCtl_disablePeripheral)
                  0000ac7d    00000017     device.obj (.text:SysCtl_enablePeripheral)
                  0000ac94    00000017     driverlib.lib : sysctl.obj (.text:SysCtl_enablePeripheral)
                  0000acab    00000017     epwm_ex2_updown_aq.obj (.text:SysCtl_enablePeripheral)
                  0000acc2    00000017     rts2800_fpu32_eabi.lib : boot28.asm.obj (.text)
                  0000acd9    00000016     driverlib.lib : sysctl.obj (.text:DCC_disableDoneSignal)
                  0000acef    00000016                   : interrupt.obj (.text:Interrupt_defaultHandler)
                  0000ad05    00000015                   : sysctl.obj (.text:DCC_clearDoneFlag)
                  0000ad1a    00000015                   : sysctl.obj (.text:DCC_clearErrorFlag)
                  0000ad2f    00000015                   : sysctl.obj (.text:DCC_disableErrorSignal)
                  0000ad44    00000015                   : sysctl.obj (.text:DCC_isBaseValid)
                  0000ad59    00000015     board.obj (.text:GPIO0_init)
                  0000ad6e    00000015     device.obj (.text:GPIO_unlockPortConfig)
                  0000ad83    00000014     driverlib.lib : sysctl.obj (.text:DCC_disableModule)
                  0000ad97    00000014                   : sysctl.obj (.text:DCC_enableModule)
                  0000adab    00000014     board.obj (.text:EPWM_setTimeBaseCounterMode)
                  0000adbf    00000014     board.obj (.text:EPWM_setTimeBasePeriod)
                  0000add3    00000014     board.obj (.text:GPIO_isPinValid)
                  0000ade7    00000014     driverlib.lib : gpio.obj (.text:GPIO_isPinValid)
                  0000adfb    00000014     epwm_ex2_updown_aq.obj (.text:GPIO_isPinValid)
                  0000ae0f    00000014     device.obj (.text:SysCtl_deviceCal)
                  0000ae23    00000013     epwm_ex2_updown_aq.obj (.text:EPWM_clearEventTriggerInterruptFlag)
                  0000ae36    00000013     board.obj (.text:EPWM_enableInterrupt)
                  0000ae49    00000012     board.obj (.text:EPWM_setTimeBaseCounter)
                  0000ae5b    00000012     board.obj (.text:SysCtl_setSyncOutputConfig)
                  0000ae6d    00000011     board.obj (.text:EPWM_disablePhaseShiftLoad)
                  0000ae7e    00000010     device.obj (.text:Device_initGPIO)
                  0000ae8e    0000000f     epwm_ex2_updown_aq.obj (.text:Interrupt_register)
                  0000ae9d    0000000f     epwm_ex2_updown_aq.obj (.text:initEPWM1)
                  0000aeac    0000000d     driverlib.lib : interrupt.obj (.text:Interrupt_disableGlobal)
                  0000aeb9    0000000d                   : interrupt.obj (.text:Interrupt_enableGlobal)
                  0000aec6    0000000d     device.obj (.text:SysCtl_setLowSpeedClock)
                  0000aed3    0000000d     rts2800_fpu32_eabi.lib : copy_zero_init.c.obj (.text:decompress:ZI:__TI_zero_init_nomemset)
                  0000aee0    0000000c     board.obj (.text:SysCtl_enableExtADCSOCSource)
                  0000aeec    0000000c     rts2800_fpu32_eabi.lib : args_main.c.obj (.text)
                  0000aef8    0000000b     board.obj (.text:Board_init)
                  0000af03    0000000b     device.obj (.text:SysCtl_disableWatchdog)
                  0000af0e    0000000b     driverlib.lib : sysctl.obj (.text:SysCtl_isMCDClockFailureDetected)
                  0000af19    0000000a                   : interrupt.obj (.text:Interrupt_illegalOperationHandler)
                  0000af23    0000000a                   : interrupt.obj (.text:Interrupt_nmiHandler)
                  0000af2d    0000000a     board.obj (.text:SYNC_init)
                  0000af37    00000009     rts2800_fpu32_eabi.lib : _lock.c.obj (.text)
                  0000af40    00000008                            : copy_decompress_none.c.obj (.text:decompress:none)
                  0000af48    00000008     f28002x_codestartbranch.obj (.text)
                  0000af50    00000007     device.obj (.text:ASysCtl_lockVREG)
                  0000af57    00000007     driverlib.lib : sysctl.obj (.text:SysCtl_resetMCD)
                  0000af5e    00000007     device.obj (.text:__error__)
                  0000af65    00000006     epwm_ex2_updown_aq.obj (.text:Interrupt_clearACKGroup)
                  0000af6b    00000003     board.obj (.text:GPIO_init)
                  0000af6e    00000002     rts2800_fpu32_eabi.lib : pre_init.c.obj (.text)
                  0000af70    00000001                            : startup.c.obj (.text)

.reset     0    003fffc0    00000000     DSECT

codestart 
*          0    00000000    00000002     
                  00000000    00000002     f28002x_codestartbranch.obj (codestart)

.stack     0    00000400    00000200     UNINITIALIZED
                  00000400    00000200     --HOLE--

.bss       0    0000af72    0000000a     UNINITIALIZED
                  0000af72    0000000a     epwm_ex2_updown_aq.obj (.bss)

.init_array 
*          0    00000128    00000000     UNINITIALIZED

.const     0    0000af7c    0000029b     
                  0000af7c    0000009a     driverlib.lib : sysctl.obj (.const:.string)
                  0000b016    00000098                   : gpio.obj (.const:.string)
                  0000b0ae    00000088     board.obj (.const:.string)
                  0000b136    00000088     epwm_ex2_updown_aq.obj (.const:.string)
                  0000b1be    00000059     device.obj (.const:.string)

.data      0    0000b218    0000000a     UNINITIALIZED
                  0000b218    00000006     rts2800_fpu32_eabi.lib : exit.c.obj (.data)
                  0000b21e    00000002                            : _lock.c.obj (.data:_lock)
                  0000b220    00000002                            : _lock.c.obj (.data:_unlock)

MODULE SUMMARY

       Module                        code   ro data   rw data
       ------                        ----   -------   -------
    .\
       epwm_ex2_updown_aq.obj        477    136       10     
    +--+-----------------------------+------+---------+---------+
       Total:                        477    136       10     
                                                             
    .\device\
       device.obj                    326    89        0      
       f28002x_codestartbranch.obj   10     0         0      
    +--+-----------------------------+------+---------+---------+
       Total:                        336    89        0      
                                                             
    .\syscfg\
       board.obj                     960    136       0      
    +--+-----------------------------+------+---------+---------+
       Total:                        960    136       0      
                                                             
    C:/ti/c2000/C2000Ware_5_04_00_00/driverlib/f28002x/driverlib/ccs/Debug/driverlib.lib
       sysctl.obj                    1346   154       0      
       gpio.obj                      261    152       0      
       interrupt.obj                 214    0         0      
    +--+-----------------------------+------+---------+---------+
       Total:                        1821   306       0      
                                                             
    C:\ti\ccs1281\ccs\tools\compiler\ti-cgt-c2000_22.6.1.LTS\lib\rts2800_fpu32_eabi.lib
       fs_div28.asm.obj              136    0         0      
       copy_decompress_lzss.c.obj    48     0         0      
       exit.c.obj                    41     0         6      
       autoinit.c.obj                43     0         0      
       memcpy.c.obj                  29     0         0      
       boot28.asm.obj                23     0         0      
       _lock.c.obj                   9      0         4      
       copy_zero_init.c.obj          13     0         0      
       args_main.c.obj               12     0         0      
       copy_decompress_none.c.obj    8      0         0      
       pre_init.c.obj                2      0         0      
       startup.c.obj                 1      0         0      
    +--+-----------------------------+------+---------+---------+
       Total:                        365    0         10     
                                                             
       Stack:                        0      0         512    
       Linker Generated:             0      26        0      
    +--+-----------------------------+------+---------+---------+
       Grand Total:                  3959   693       532    


LINKER GENERATED COPY TABLES

__TI_cinit_table @ 0000013e records: 2, size/record: 4, table size: 8
	.data: load addr=0000012c, load size=00000008 bytes, run addr=0000b218, run size=0000000a bytes, compression=lzss
	.bss: load addr=0000013a, load size=00000004 bytes, run addr=0000af72, run size=0000000a bytes, compression=zero_init


LINKER GENERATED HANDLER TABLE

__TI_handler_table @ 00000134 records: 3, size/record: 2, table size: 6
	index: 0, handler: __TI_zero_init
	index: 1, handler: __TI_decompress_lzss
	index: 2, handler: __TI_decompress_none


GLOBAL DATA SYMBOLS: SORTED BY DATA PAGE

address     data page           name
--------    ----------------    ----
00000400      10 (00000400)     __stack

0000af72     2bd (0000af40)     compAValue
0000af73     2bd (0000af40)     compBValue
0000af74     2bd (0000af40)     epwm1Info

0000b218     2c8 (0000b200)     __TI_enable_exit_profile_output
0000b21a     2c8 (0000b200)     __TI_cleanup_ptr
0000b21c     2c8 (0000b200)     __TI_dtors_ptr
0000b21e     2c8 (0000b200)     _lock
0000b220     2c8 (0000b200)     _unlock


GLOBAL SYMBOLS: SORTED ALPHABETICALLY BY Name 

page  address   name                             
----  -------   ----                             
0     0000aef8  Board_init                       
0     0000a97e  C$$EXIT                          
0     0000a2db  Device_enableAllPeripherals      
0     0000a886  Device_init                      
0     0000ae7e  Device_initGPIO                  
0     0000a221  EPWM_init                        
0     0000ad59  GPIO0_init                       
0     0000af6b  GPIO_init                        
0     0000a8f2  GPIO_setDirectionMode            
0     0000a52f  GPIO_setPadConfig                
0     0000a7e1  GPIO_setPinConfig                
0     0000a818  GPIO_setQualificationMode        
0     0000acef  Interrupt_defaultHandler         
0     0000a84f  Interrupt_enable                 
0     0000af19  Interrupt_illegalOperationHandler
0     0000a7a4  Interrupt_initModule             
0     0000abab  Interrupt_initVectorTable        
0     0000af23  Interrupt_nmiHandler             
0     0000aa8a  PinMux_init                      
0     0000af2d  SYNC_init                        
0     00000128  SysCtl_delay                     
0     0000a470  SysCtl_getClock                  
0     0000ac02  SysCtl_getLowSpeedClock          
0     0000a123  SysCtl_isPLLValid                
0     0000a5cc  SysCtl_selectOscSource           
0     0000a613  SysCtl_selectXTAL                
0     0000aa1d  SysCtl_selectXTALSingleEnded     
0     0000a000  SysCtl_setClock                  
0     0000013e  __TI_CINIT_Base                  
0     00000146  __TI_CINIT_Limit                 
0     00000146  __TI_CINIT_Warm                  
0     00000134  __TI_Handler_Table_Base          
0     0000013a  __TI_Handler_Table_Limit         
0     00000600  __TI_STACK_END                   
abs   00000200  __TI_STACK_SIZE                  
0     0000a953  __TI_auto_init_nobinit_nopinit   
0     0000b21a  __TI_cleanup_ptr                 
0     0000a923  __TI_decompress_lzss             
0     0000af40  __TI_decompress_none             
0     0000b21c  __TI_dtors_ptr                   
0     0000b218  __TI_enable_exit_profile_output  
abs   ffffffff  __TI_pprof_out_hndl              
abs   ffffffff  __TI_prof_data_size              
abs   ffffffff  __TI_prof_data_start             
0     0000aed3  __TI_zero_init_nomemset          
0     0000a375  __c28xabi_divf                   
n/a   UNDEFED   __c_args__                       
0     0000af5e  __error__                        
0     00000400  __stack                          
0     0000aeec  _args_main                       
0     0000acc2  _c_int00                         
0     0000b21e  _lock                            
0     0000af3f  _nop                             
0     0000af3b  _register_lock                   
0     0000af37  _register_unlock                 
0     0000af70  _system_post_cinit               
0     0000af6e  _system_pre_init                 
0     0000b220  _unlock                          
0     0000a97e  abort                            
0     00000000  code_start                       
0     0000af72  compAValue                       
0     0000af73  compBValue                       
0     0000a8bc  epwm1ISR                         
0     0000af74  epwm1Info                        
0     0000a980  exit                             
0     0000ae9d  initEPWM1                        
0     0000aa66  main                             
0     0000abc9  memcpy                           
0     0000a4d5  updateCompare                    


GLOBAL SYMBOLS: SORTED BY Symbol Address 

page  address   name                             
----  -------   ----                             
0     00000000  code_start                       
0     00000128  SysCtl_delay                     
0     00000134  __TI_Handler_Table_Base          
0     0000013a  __TI_Handler_Table_Limit         
0     0000013e  __TI_CINIT_Base                  
0     00000146  __TI_CINIT_Limit                 
0     00000146  __TI_CINIT_Warm                  
0     00000400  __stack                          
0     00000600  __TI_STACK_END                   
0     0000a000  SysCtl_setClock                  
0     0000a123  SysCtl_isPLLValid                
0     0000a221  EPWM_init                        
0     0000a2db  Device_enableAllPeripherals      
0     0000a375  __c28xabi_divf                   
0     0000a470  SysCtl_getClock                  
0     0000a4d5  updateCompare                    
0     0000a52f  GPIO_setPadConfig                
0     0000a5cc  SysCtl_selectOscSource           
0     0000a613  SysCtl_selectXTAL                
0     0000a7a4  Interrupt_initModule             
0     0000a7e1  GPIO_setPinConfig                
0     0000a818  GPIO_setQualificationMode        
0     0000a84f  Interrupt_enable                 
0     0000a886  Device_init                      
0     0000a8bc  epwm1ISR                         
0     0000a8f2  GPIO_setDirectionMode            
0     0000a923  __TI_decompress_lzss             
0     0000a953  __TI_auto_init_nobinit_nopinit   
0     0000a97e  C$$EXIT                          
0     0000a97e  abort                            
0     0000a980  exit                             
0     0000aa1d  SysCtl_selectXTALSingleEnded     
0     0000aa66  main                             
0     0000aa8a  PinMux_init                      
0     0000abab  Interrupt_initVectorTable        
0     0000abc9  memcpy                           
0     0000ac02  SysCtl_getLowSpeedClock          
0     0000acc2  _c_int00                         
0     0000acef  Interrupt_defaultHandler         
0     0000ad59  GPIO0_init                       
0     0000ae7e  Device_initGPIO                  
0     0000ae9d  initEPWM1                        
0     0000aed3  __TI_zero_init_nomemset          
0     0000aeec  _args_main                       
0     0000aef8  Board_init                       
0     0000af19  Interrupt_illegalOperationHandler
0     0000af23  Interrupt_nmiHandler             
0     0000af2d  SYNC_init                        
0     0000af37  _register_unlock                 
0     0000af3b  _register_lock                   
0     0000af3f  _nop                             
0     0000af40  __TI_decompress_none             
0     0000af5e  __error__                        
0     0000af6b  GPIO_init                        
0     0000af6e  _system_pre_init                 
0     0000af70  _system_post_cinit               
0     0000af72  compAValue                       
0     0000af73  compBValue                       
0     0000af74  epwm1Info                        
0     0000b218  __TI_enable_exit_profile_output  
0     0000b21a  __TI_cleanup_ptr                 
0     0000b21c  __TI_dtors_ptr                   
0     0000b21e  _lock                            
0     0000b220  _unlock                          
abs   00000200  __TI_STACK_SIZE                  
abs   ffffffff  __TI_pprof_out_hndl              
abs   ffffffff  __TI_prof_data_size              
abs   ffffffff  __TI_prof_data_start             
n/a   UNDEFED   __c_args__                       

[69 symbols]
